RLST7 LINKER/LOCATOR V2.28.10.092

INVOKED BY:
C:\Program Files (x86)\Raisonance\Ride\bin\rlstm8.exe -P 
DEBUG\MAIN.O,DEBUG\DAC.O,DEBUG\ECMA0896.O,DEBUG\EEPROM.O,DEBUG\GPIO.O,DEBUG\STARTUP_STM8.O,DEBUG\TIMERS.O 
TO(DEBUG\CURRGEN_V01.AOF) 
LIBPATH(C:\PROGRAM FILES (X86)\RAISONANCE\RIDE\LIB\ST7) DEBUGLINES 
DEBUGPUBLICS DEBUGSYMBOLS PR(DEBUG\CURRGEN_V01.MAP) DATASTART(0X0) 
RAMSIZE(0X800) CODESTART(0X8000) CODESIZE(0X8000) STACKTOP(0X800) 
STACKSIZE(0X201) EEPROMSTART(0X1000) EEPROMSIZE(0X400) 
 WITHOUT ANY FLOATING POINT ARITHMETIC


INPUT MODULES INCLUDED
  DEBUG\MAIN.O(MAIN)
  DEBUG\DAC.O(DAC)
  DEBUG\ECMA0896.O(ECMA0896)
  DEBUG\EEPROM.O(EEPROM)
  DEBUG\GPIO.O(GPIO)
  DEBUG\STARTUP_STM8.O(STARTUP_STM8)
  DEBUG\TIMERS.O(TIMERS)
  C:\PROGRAM FILES (X86)\RAISONANCE\RIDE\LIB\ST7\RCSTM8.LIB(REGISTERS)
  C:\PROGRAM FILES (X86)\RAISONANCE\RIDE\LIB\ST7\RCSTM8.LIB(INITDATA)
  C:\PROGRAM FILES (X86)\RAISONANCE\RIDE\LIB\ST7\RCSTM8.LIB(?STATINIT)

UNCALLED SEGMENTS (use option rmun to remove them):
---------------------------------------------------
    ?PR??EE_PGM?EEPROM: Function ?EE_PGM in file DEBUG\EEPROM.O was not called
    ?PR??EE_READ?EEPROM: Function ?EE_READ in file DEBUG\EEPROM.O was not called
    ?PR??INITLCD?ECMA0896: Function ?INITLCD in file DEBUG\ECMA0896.O was not called
    ?PR??INITTIM3?TIMERS: Function ?INITTIM3 in file DEBUG\TIMERS.O was not called
    ?PR??READPARAMETERS?EEPROM: Function ?READPARAMETERS in file DEBUG\EEPROM.O was not called
    ?PR??UPDATEDAC?DAC: Function ?UPDATEDAC in file DEBUG\DAC.O was not called
    ?PR??UPDATELCD?ECMA0896: Function ?UPDATELCD in file DEBUG\ECMA0896.O was not called
    ?PR??UPDATETIM3?TIMERS: Function ?UPDATETIM3 in file DEBUG\TIMERS.O was not called
    ?PR?EEPROM
    ?PR?EEPROM



LINK MAP OF MODULE: DEBUG\CURRGEN_V01.AOF (MAIN)

	TYPE     BASE         LENGTH     RELOCATION      SEGMENT NAME
	----     ----         ------     ----------      ------------

	* * * * * * * *   E E P R O M   M E M O R Y   * * * * * * * *
	         000000H      001000H                     *** GAP ***
	EEPROM   001000H      00000BH    INSECTION       ?EE?EEPROM

	* * * * * * * *   D A T A       M E M O R Y   * * * * * * * *
	DATA     000000H      000020H    PAGE0           ?ED0?EEPROM
	DATA     000020H      000002H    PAGE0           ?ED0?DAC
	DATA     000022H      000002H    PAGE0           ?ED0?TIMERS
	DATA     000024H      000004H    PAGE0           CSTDLIB_REGISTERS
	         000028H      0005D7H                     *** GAP ***
	DATA     0005FFH      000201H    UNIT            ?C_STACK?SEG

	* * * * * * * *   C O D E       M E M O R Y   * * * * * * * *
	CODE     008000H      000004H    AT              ?CO?STARTUP_STM800
	CODE     008004H      000034H    INSECTION0      ?STR?MAIN
	CODE     008038H      00000DH    INSECTION0      ?STR?ECMA0896
	CODE     008045H      00000AH    INSECTION0      ?PR?EEPROM
	CODE     00804FH      000002H    UNIT            ?PR?STATINIT
	CODE     008051H      000001H    INSECTION       ?PR??UPDATELCD?ECMA0896
	CODE     008052H      000001H    INSECTION       ?PR??READPARAMETERS?EEPROM
	         008053H      000001H                     *** GAP ***
	CODE     008054H      000004H    AT              ?IT?VECTOR#19
	CODE     008058H      000032H    INSECTION0      CSTART
	CODE     00808AH      000069H    INSECTION       ?PR??EE_PGM?EEPROM
	CODE     0080F3H      000064H    INSECTION       ?PR??LCDPRINTSTR?ECMA0896
	CODE     008157H      00005BH    INSECTION       ?PR??WRITEBYTE?ECMA0896
	CODE     0081B2H      000049H    INSECTION       ?PR?MAIN?MAIN
	CODE     0081FBH      000046H    INSECTION       ?PR??INITLCD?ECMA0896
	CODE     008241H      000034H    INSECTION       ?PR??INITDAC?DAC
	CODE     008275H      000031H    INSECTION       ?PR??INITIO?GPIO
	CODE     0082A6H      000028H    INSECTION       ?PR??HANDLEKBD?MAIN
	CODE     0082CEH      000027H    INSECTION       ?PR??DELAY?MAIN
	CODE     0082F5H      000020H    INSECTION       ?PR??EE_READ?EEPROM
	CODE     008315H      00001DH    INSECTION       ?PR??INITTIM2?TIMERS
	CODE     008332H      000019H    INSECTION       ?PR??CLS?ECMA0896
	CODE     00834BH      000015H    INSECTION       ?PR??TIM2OVF_ISR?TIMERS
	CODE     008360H      00000CH    INSECTION       ?PR??COMMANDLCD?ECMA0896
	CODE     00836CH      00000CH    INSECTION       ?PR??LCDPRINT?ECMA0896
	CODE     008378H      000006H    INSECTION       ?PR??UPDATEDAC?DAC
	CODE     00837EH      000001H    INSECTION       ?PR??INITTIM3?TIMERS
	CODE     00837FH      000001H    INSECTION       ?PR??UPDATETIM3?TIMERS

UNRESOLVED EXTERNAL SYMBOLS

EXECUTABLE SUMMARY:
-------------------
    Total EEPROM storage requirement:  000BH (11)
    Total DATA storage requirement:  0229H.0 (553.0)
    Total CODE storage requirement:  037FH (895)


REFERENCE MAP OF MODULE: DEBUG\CURRGEN_V01.AOF (CURRGEN_V01)

SEGMENT
   +-->CALLED SEGMENT
---------------------
?PR?MAIN?MAIN
   +-->?PR??HANDLEKBD?MAIN
   +-->?PR??INITDAC?DAC
   +-->?PR??LCDPRINTSTR?ECMA0896
   +-->?STR?MAIN
   +-->?PR??CLS?ECMA0896
   +-->?PR??DELAY?MAIN
   +-->?PR??INITTIM2?TIMERS
   +-->?PR??INITIO?GPIO

?PR??INITLCD?ECMA0896
   +-->?PR??CLS?ECMA0896
   +-->?PR??LCDPRINT?ECMA0896
   +-->?PR??COMMANDLCD?ECMA0896
   +-->?PR??DELAY?MAIN

?PR??CLS?ECMA0896
   +-->?PR??LCDPRINTSTR?ECMA0896
   +-->?STR?ECMA0896

?PR??COMMANDLCD?ECMA0896
   +-->?PR??WRITEBYTE?ECMA0896

?PR??LCDPRINT?ECMA0896
   +-->?PR??WRITEBYTE?ECMA0896

?PR??LCDPRINTSTR?ECMA0896
   +-->?PR??LCDPRINT?ECMA0896
   +-->?PR??COMMANDLCD?ECMA0896


SYMBOL TABLE FOR DEBUG\CURRGEN_V01.AOF(MAIN)
---------------------------------------------

	VALUE              TYPE               NAME
	-----              ----               ----

	----------         TranslatorMod-ST7  MAIN
	  C:0081B2H        PUBLIC             main
	  C:0082A6H        PUBLIC             ?handleKBD
	  C:0082CEH        PUBLIC             ?delay
	  C:0081B2H        SYMBOL             main
	  C:0082A6H        SYMBOL             ?handleKBD
	  C:0082CEH        SYMBOL             ?delay
	  T:000000H        SYMBOL             BYTE
	  T:000000H        SYMBOL             WORD
	  T:000000H        SYMBOL             DWORD
	  T:000000H        SYMBOL             _fctptr_t
	  D:007F77H        SYMBOL             ITC_SPR8
	  D:007F76H        SYMBOL             ITC_SPR7
	  D:007F75H        SYMBOL             ITC_SPR6
	  D:007F74H        SYMBOL             ITC_SPR5
	  D:007F73H        SYMBOL             ITC_SPR4
	  D:007F72H        SYMBOL             ITC_SPR3
	  D:007F71H        SYMBOL             ITC_SPR2
	  D:007F70H        SYMBOL             ITC_SPR1
	  D:007F60H        SYMBOL             CFG_GCR
	  D:005444H        SYMBOL             COMP_CSR5
	  D:005443H        SYMBOL             COMP_CSR4
	  D:005442H        SYMBOL             COMP_CSR3
	  D:005441H        SYMBOL             COMP_CSR2
	  D:005440H        SYMBOL             COMP_CSR1
	  D:00543FH        SYMBOL             RI_RCR
	  D:00543EH        SYMBOL             RI_ASCR2
	  D:00543DH        SYMBOL             RI_ASCR1
	  D:00543CH        SYMBOL             RI_IOGCR
	  D:00543BH        SYMBOL             RI_IOSR3
	  D:00543AH        SYMBOL             RI_IOSR2
	  D:005439H        SYMBOL             RI_IOSR1
	  D:005438H        SYMBOL             RI_IOCMR3
	  D:005437H        SYMBOL             RI_IOCMR2
	  D:005436H        SYMBOL             RI_IOCMR1
	  D:005435H        SYMBOL             RI_IOIR3
	  D:005434H        SYMBOL             RI_IOIR2
	  D:005433H        SYMBOL             RI_IOIR1
	  D:005432H        SYMBOL             RI_ICR2
	  D:005431H        SYMBOL             RI_ICR1
	  D:0053ADH        SYMBOL             DAC_DORL
	  D:0053ACH        SYMBOL             DAC_DORH
	  D:0053ACH        SYMBOL             DAC_DOR
	  D:005390H        SYMBOL             DAC_DHR8
	  D:00538DH        SYMBOL             DAC_LDHRL
	  D:00538CH        SYMBOL             DAC_LDHRH
	  D:00538CH        SYMBOL             DAC_LDHR
	  D:005389H        SYMBOL             DAC_RDHRL
	  D:005388H        SYMBOL             DAC_RDHRH
	  D:005388H        SYMBOL             DAC_RDHR
	  D:005385H        SYMBOL             DAC_SR
	  D:005384H        SYMBOL             DAC_SWTRIGR
	  D:005381H        SYMBOL             DAC_CR2
	  D:005380H        SYMBOL             DAC_CR1
	  D:005351H        SYMBOL             ADC1_TRIGR4
	  D:005350H        SYMBOL             ADC1_TRIGR3
	  D:00534FH        SYMBOL             ADC1_TRIGR2
	  D:00534EH        SYMBOL             ADC1_TRIGR1
	  D:00534DH        SYMBOL             ADC1_SQR4
	  D:00534CH        SYMBOL             ADC1_SQR3
	  D:00534BH        SYMBOL             ADC1_SQR2
	  D:00534AH        SYMBOL             ADC1_SQR1
	  D:005349H        SYMBOL             ADC1_LTRL
	  D:005348H        SYMBOL             ADC1_LTRH
	  D:005348H        SYMBOL             ADC1_LTR
	  D:005347H        SYMBOL             ADC1_HTRL
	  D:005346H        SYMBOL             ADC1_HTRH
	  D:005346H        SYMBOL             ADC1_HTR
	  D:005345H        SYMBOL             ADC1_DRL
	  D:005344H        SYMBOL             ADC1_DRH
	  D:005344H        SYMBOL             ADC1_DR
	  D:005343H        SYMBOL             ADC1_SR
	  D:005342H        SYMBOL             ADC1_CR3
	  D:005341H        SYMBOL             ADC1_CR2
	  D:005340H        SYMBOL             ADC1_CR1
	  D:0052FFH        SYMBOL             IR_CR
	  D:0052E9H        SYMBOL             TIM4_ARR
	  D:0052E8H        SYMBOL             TIM4_PSCR
	  D:0052E7H        SYMBOL             TIM4_CNTR
	  D:0052E6H        SYMBOL             TIM4_EGR
	  D:0052E5H        SYMBOL             TIM4_SR1
	  D:0052E4H        SYMBOL             TIM4_IER
	  D:0052E3H        SYMBOL             TIM4_DER
	  D:0052E2H        SYMBOL             TIM4_SMCR
	  D:0052E1H        SYMBOL             TIM4_CR2
	  D:0052E0H        SYMBOL             TIM4_CR1
	  D:0052D3H        SYMBOL             TIM1_DMAR
	  D:0052D2H        SYMBOL             TIM1_DCR2
	  D:0052D1H        SYMBOL             TIM1_DCR1
	  D:0052D0H        SYMBOL             TIM1_OISR
	  D:0052CFH        SYMBOL             TIM1_DTR
	  D:0052CEH        SYMBOL             TIM1_BKR
	  D:0052CDH        SYMBOL             TIM1_CCR4L
	  D:0052CCH        SYMBOL             TIM1_CCR4H
	  D:0052CCH        SYMBOL             TIM1_CCR4
	  D:0052CBH        SYMBOL             TIM1_CCR3L
	  D:0052CAH        SYMBOL             TIM1_CCR3H
	  D:0052CAH        SYMBOL             TIM1_CCR3
	  D:0052C9H        SYMBOL             TIM1_CCR2L
	  D:0052C8H        SYMBOL             TIM1_CCR2H
	  D:0052C8H        SYMBOL             TIM1_CCR2
	  D:0052C7H        SYMBOL             TIM1_CCR1L
	  D:0052C6H        SYMBOL             TIM1_CCR1H
	  D:0052C6H        SYMBOL             TIM1_CCR1
	  D:0052C5H        SYMBOL             TIM1_RCR
	  D:0052C4H        SYMBOL             TIM1_ARRL
	  D:0052C3H        SYMBOL             TIM1_ARRH
	  D:0052C3H        SYMBOL             TIM1_ARR
	  D:0052C2H        SYMBOL             TIM1_PSCRL
	  D:0052C1H        SYMBOL             TIM1_PSCRH
	  D:0052C1H        SYMBOL             TIM1_PSCR
	  D:0052C0H        SYMBOL             TIM1_CNTRL
	  D:0052BFH        SYMBOL             TIM1_CNTRH
	  D:0052BFH        SYMBOL             TIM1_CNTR
	  D:0052BEH        SYMBOL             TIM1_CCER2
	  D:0052BDH        SYMBOL             TIM1_CCER1
	  D:0052BCH        SYMBOL             TIM1_CCMR4
	  D:0052BBH        SYMBOL             TIM1_CCMR3
	  D:0052BAH        SYMBOL             TIM1_CCMR2
	  D:0052B9H        SYMBOL             TIM1_CCMR1
	  D:0052B8H        SYMBOL             TIM1_EGR
	  D:0052B7H        SYMBOL             TIM1_SR2
	  D:0052B6H        SYMBOL             TIM1_SR1
	  D:0052B5H        SYMBOL             TIM1_IER
	  D:0052B4H        SYMBOL             TIM1_DER
	  D:0052B3H        SYMBOL             TIM1_ETR
	  D:0052B2H        SYMBOL             TIM1_SMCR
	  D:0052B1H        SYMBOL             TIM1_CR2
	  D:0052B0H        SYMBOL             TIM1_CR1
	  D:005296H        SYMBOL             TIM3_OISR
	  D:005295H        SYMBOL             TIM3_BKR
	  D:005294H        SYMBOL             TIM3_CCR2L
	  D:005293H        SYMBOL             TIM3_CCR2H
	  D:005293H        SYMBOL             TIM3_CCR2
	  D:005292H        SYMBOL             TIM3_CCR1L
	  D:005291H        SYMBOL             TIM3_CCR1H
	  D:005291H        SYMBOL             TIM3_CCR1
	  D:005290H        SYMBOL             TIM3_ARRL
	  D:00528FH        SYMBOL             TIM3_ARRH
	  D:00528FH        SYMBOL             TIM3_ARR
	  D:00528EH        SYMBOL             TIM3_PSCR
	  D:00528DH        SYMBOL             TIM3_CNTRL
	  D:00528CH        SYMBOL             TIM3_CNTRH
	  D:00528CH        SYMBOL             TIM3_CNTR
	  D:00528BH        SYMBOL             TIM3_CCER1
	  D:00528AH        SYMBOL             TIM3_CCMR2
	  D:005289H        SYMBOL             TIM3_CCMR1
	  D:005288H        SYMBOL             TIM3_EGR
	  D:005287H        SYMBOL             TIM3_SR2
	  D:005286H        SYMBOL             TIM3_SR1
	  D:005285H        SYMBOL             TIM3_IER
	  D:005284H        SYMBOL             TIM3_DER
	  D:005283H        SYMBOL             TIM3_ETR
	  D:005282H        SYMBOL             TIM3_SMCR
	  D:005281H        SYMBOL             TIM3_CR2
	  D:005280H        SYMBOL             TIM3_CR1
	  D:005266H        SYMBOL             TIM2_OISR
	  D:005265H        SYMBOL             TIM2_BKR
	  D:005264H        SYMBOL             TIM2_CCR2L
	  D:005263H        SYMBOL             TIM2_CCR2H
	  D:005263H        SYMBOL             TIM2_CCR2
	  D:005262H        SYMBOL             TIM2_CCR1L
	  D:005261H        SYMBOL             TIM2_CCR1H
	  D:005261H        SYMBOL             TIM2_CCR1
	  D:005260H        SYMBOL             TIM2_ARRL
	  D:00525FH        SYMBOL             TIM2_ARRH
	  D:00525FH        SYMBOL             TIM2_ARR
	  D:00525EH        SYMBOL             TIM2_PSCR
	  D:00525DH        SYMBOL             TIM2_CNTRL
	  D:00525CH        SYMBOL             TIM2_CNTRH
	  D:00525CH        SYMBOL             TIM2_CNTR
	  D:00525BH        SYMBOL             TIM2_CCER1
	  D:00525AH        SYMBOL             TIM2_CCMR2
	  D:005259H        SYMBOL             TIM2_CCMR1
	  D:005258H        SYMBOL             TIM2_EGR
	  D:005257H        SYMBOL             TIM2_SR2
	  D:005256H        SYMBOL             TIM2_SR1
	  D:005255H        SYMBOL             TIM2_IER
	  D:005254H        SYMBOL             TIM2_DER
	  D:005253H        SYMBOL             TIM2_ETR
	  D:005252H        SYMBOL             TIM2_SMCR
	  D:005251H        SYMBOL             TIM2_CR2
	  D:005250H        SYMBOL             TIM2_CR1
	  D:00523AH        SYMBOL             USART1_PSCR
	  D:005239H        SYMBOL             USART1_GTR
	  D:005238H        SYMBOL             USART1_CR5
	  D:005237H        SYMBOL             USART1_CR4
	  D:005236H        SYMBOL             USART1_CR3
	  D:005235H        SYMBOL             USART1_CR2
	  D:005234H        SYMBOL             USART1_CR1
	  D:005233H        SYMBOL             USART1_BRR2
	  D:005232H        SYMBOL             USART1_BRR1
	  D:005231H        SYMBOL             USART1_DR
	  D:005230H        SYMBOL             USART1_SR
	  D:00521EH        SYMBOL             I2C1_PECR
	  D:00521DH        SYMBOL             I2C1_TRISER
	  D:00521CH        SYMBOL             I2C1_CCRH
	  D:00521BH        SYMBOL             I2C1_CCRL
	  D:00521AH        SYMBOL             I2C1_ITR
	  D:005219H        SYMBOL             I2C1_SR3
	  D:005218H        SYMBOL             I2C1_SR2
	  D:005217H        SYMBOL             I2C1_SR1
	  D:005216H        SYMBOL             I2C1_DR
	  D:005214H        SYMBOL             I2C1_OARH
	  D:005213H        SYMBOL             I2C1_OARL
	  D:005212H        SYMBOL             I2C1_FREQR
	  D:005211H        SYMBOL             I2C1_CR2
	  D:005210H        SYMBOL             I2C1_CR1
	  D:005207H        SYMBOL             SPI1_TXCRCR
	  D:005206H        SYMBOL             SPI1_RXCRCR
	  D:005205H        SYMBOL             SPI1_CRCPR
	  D:005204H        SYMBOL             SPI1_DR
	  D:005203H        SYMBOL             SPI1_SR
	  D:005202H        SYMBOL             SPI1_ICR
	  D:005201H        SYMBOL             SPI1_CR2
	  D:005200H        SYMBOL             SPI1_CR1
	  D:00515FH        SYMBOL             RTC_ALRMAR4
	  D:00515EH        SYMBOL             RTC_ALRMAR3
	  D:00515DH        SYMBOL             RTC_ALRMAR2
	  D:00515CH        SYMBOL             RTC_ALRMAR1
	  D:005159H        SYMBOL             RTC_WPR
	  D:005155H        SYMBOL             RTC_WUTRL
	  D:005154H        SYMBOL             RTC_WUTRH
	  D:005154H        SYMBOL             RTC_WUTR
	  D:005152H        SYMBOL             RTC_APRER
	  D:005151H        SYMBOL             RTC_SPRERL
	  D:005150H        SYMBOL             RTC_SPRERH
	  D:005150H        SYMBOL             RTC_SPRER
	  D:00514DH        SYMBOL             RTC_ISR2
	  D:00514CH        SYMBOL             RTC_ISR1
	  D:00514AH        SYMBOL             RTC_CR3
	  D:005149H        SYMBOL             RTC_CR2
	  D:005148H        SYMBOL             RTC_CR1
	  D:005146H        SYMBOL             RTC_DR3
	  D:005145H        SYMBOL             RTC_DR2
	  D:005144H        SYMBOL             RTC_DR1
	  D:005142H        SYMBOL             RTC_TR3
	  D:005141H        SYMBOL             RTC_TR2
	  D:005140H        SYMBOL             RTC_TR1
	  D:0050F3H        SYMBOL             BEEP_CSR2
	  D:0050F0H        SYMBOL             BEEP_CSR1
	  D:0050E2H        SYMBOL             IWDG_RLR
	  D:0050E1H        SYMBOL             IWDG_PR
	  D:0050E0H        SYMBOL             IWDG_KR
	  D:0050D4H        SYMBOL             WWDG_WR
	  D:0050D3H        SYMBOL             WWDG_CR
	  D:0050CFH        SYMBOL             CLK_REGCSR
	  D:0050CEH        SYMBOL             CLK_HSIUNLCKR
	  D:0050CDH        SYMBOL             CLK_HSITRIMR
	  D:0050CCH        SYMBOL             CLK_HSICALR
	  D:0050CBH        SYMBOL             CLK_CBEEPR
	  D:0050CAH        SYMBOL             CLK_CSSR
	  D:0050C9H        SYMBOL             CLK_SWCR
	  D:0050C8H        SYMBOL             CLK_SWR
	  D:0050C7H        SYMBOL             CLK_SCSR
	  D:0050C6H        SYMBOL             CLK_ECKCR
	  D:0050C5H        SYMBOL             CLK_CCOR
	  D:0050C4H        SYMBOL             CLK_PCKENR2
	  D:0050C3H        SYMBOL             CLK_PCKENR1
	  D:0050C2H        SYMBOL             CLK_ICKCR
	  D:0050C1H        SYMBOL             CLK_CRTCR
	  D:0050C0H        SYMBOL             CLK_CKDIVR
	  D:0050B3H        SYMBOL             PWR_CSR2
	  D:0050B2H        SYMBOL             PWR_CSR1
	  D:0050B1H        SYMBOL             RST_SR
	  D:0050B0H        SYMBOL             RST_CR
	  D:0050A8H        SYMBOL             WFE_CR3
	  D:0050A7H        SYMBOL             WFE_CR2
	  D:0050A6H        SYMBOL             WFE_CR1
	  D:0050A5H        SYMBOL             EXTI_CONF
	  D:0050A4H        SYMBOL             EXTI_SR2
	  D:0050A3H        SYMBOL             EXTI_SR1
	  D:0050A2H        SYMBOL             EXTI_CR3
	  D:0050A1H        SYMBOL             EXTI_CR2
	  D:0050A0H        SYMBOL             EXTI_CR1
	  D:00509FH        SYMBOL             SYSCFG_RMPCR2
	  D:00509EH        SYMBOL             SYSCFG_RMPCR1
	  D:00509AH        SYMBOL             DMA1_C3M0ARL
	  D:005099H        SYMBOL             DMA1_C3M0ARH
	  D:005099H        SYMBOL             DMA1_C3M0AR
	  D:005097H        SYMBOL             DMA1_C3PARL_C3M1ARL
	  D:005096H        SYMBOL             DMA1_C3PARH_C3M1ARH
	  D:005096H        SYMBOL             DMA1_C3PAR_C3M1AR
	  D:005095H        SYMBOL             DMA1_C3NDTR
	  D:005094H        SYMBOL             DMA1_C3SPR
	  D:005093H        SYMBOL             DMA1_C3CR
	  D:005090H        SYMBOL             DMA1_C2M0ARL
	  D:00508FH        SYMBOL             DMA1_C2M0ARH
	  D:00508FH        SYMBOL             DMA1_C2M0AR
	  D:00508DH        SYMBOL             DMA1_C2PARL
	  D:00508CH        SYMBOL             DMA1_C2PARH
	  D:00508CH        SYMBOL             DMA1_C2PAR
	  D:00508BH        SYMBOL             DMA1_C2NDTR
	  D:00508AH        SYMBOL             DMA1_C2SPR
	  D:005089H        SYMBOL             DMA1_C2CR
	  D:005086H        SYMBOL             DMA1_C1M0ARL
	  D:005085H        SYMBOL             DMA1_C1M0ARH
	  D:005085H        SYMBOL             DMA1_C1M0AR
	  D:005083H        SYMBOL             DMA1_C1PARL
	  D:005082H        SYMBOL             DMA1_C1PARH
	  D:005082H        SYMBOL             DMA1_C1PAR
	  D:005081H        SYMBOL             DMA1_C1NDTR
	  D:005080H        SYMBOL             DMA1_C1SPR
	  D:00507FH        SYMBOL             DMA1_C1CR
	  D:00507CH        SYMBOL             DMA1_C0M0ARL
	  D:00507BH        SYMBOL             DMA1_C0M0ARH
	  D:00507BH        SYMBOL             DMA1_C0M0AR
	  D:005079H        SYMBOL             DMA1_C0PARL
	  D:005078H        SYMBOL             DMA1_C0PARH
	  D:005078H        SYMBOL             DMA1_C0PAR
	  D:005077H        SYMBOL             DMA1_C0NDTR
	  D:005076H        SYMBOL             DMA1_C0SPR
	  D:005075H        SYMBOL             DMA1_C0CR
	  D:005071H        SYMBOL             DMA1_GIR1
	  D:005070H        SYMBOL             DMA1_GCSR
	  D:005054H        SYMBOL             FLASH_IAPSR
	  D:005053H        SYMBOL             FLASH_DUKR
	  D:005052H        SYMBOL             FLASH_PUKR
	  D:005051H        SYMBOL             FLASH_CR2
	  D:005050H        SYMBOL             FLASH_CR1
	  D:00501DH        SYMBOL             PF_CR2
	  D:00501CH        SYMBOL             PF_CR1
	  D:00501BH        SYMBOL             PF_DDR
	  D:00501AH        SYMBOL             PF_IDR
	  D:005019H        SYMBOL             PF_ODR
	  D:005018H        SYMBOL             PE_CR2
	  D:005017H        SYMBOL             PE_CR1
	  D:005016H        SYMBOL             PE_DDR
	  D:005015H        SYMBOL             PE_IDR
	  D:005014H        SYMBOL             PE_ODR
	  D:005013H        SYMBOL             PD_CR2
	  D:005012H        SYMBOL             PD_CR1
	  D:005011H        SYMBOL             PD_DDR
	  D:005010H        SYMBOL             PD_IDR
	  D:00500FH        SYMBOL             PD_ODR
	  D:00500EH        SYMBOL             PC_CR2
	  D:00500DH        SYMBOL             PC_CR1
	  D:00500CH        SYMBOL             PC_DDR
	  D:00500BH        SYMBOL             PC_IDR
	  D:00500AH        SYMBOL             PC_ODR
	  D:005009H        SYMBOL             PB_CR2
	  D:005008H        SYMBOL             PB_CR1
	  D:005007H        SYMBOL             PB_DDR
	  D:005006H        SYMBOL             PB_IDR
	  D:005005H        SYMBOL             PB_ODR
	  D:005004H        SYMBOL             PA_CR2
	  D:005003H        SYMBOL             PA_CR1
	  D:005002H        SYMBOL             PA_DDR
	  D:005001H        SYMBOL             PA_IDR
	  D:005000H        SYMBOL             PA_ODR
	  N:000FFEH        SYMBOL             _ICE_DUMMY_
	----------         PROC-ST7           ?PR?MAIN?MAIN
	  C:0081B2H        LINE#              19
	  C:0081B2H        LINE#              21
	  C:0081B6H        LINE#              22
	  C:0081B9H        LINE#              24
	  C:0081BDH        LINE#              25
	  C:0081C1H        LINE#              29
	  C:0081C4H        LINE#              34
	  C:0081CAH        LINE#              36
	  C:0081CBH        LINE#              38
	  C:0081CEH        LINE#              39
	  C:0081D6H        LINE#              40
	  C:0081DEH        LINE#              41
	  C:0081E6H        LINE#              42
	  C:0081EEH        LINE#              47
	  C:0081F1H        LINE#              61
	  C:0081FAH        LINE#              69
	----------         ENDPROC-ST7        
	----------         PROC-ST7           ?PR??HANDLEKBD?MAIN
	  C:0082A6H        LINE#              71
	  C:0082A6H        LINE#              73
	  C:0082BDH        LINE#              76
	  C:0082BFH        LINE#              79
	  C:0082C1H        LINE#              82
	  C:0082C3H        LINE#              85
	  C:0082C5H        LINE#              88
	  C:0082C7H        LINE#              91
	  C:0082C9H        LINE#              94
	  C:0082CDH        LINE#              95
	----------         ENDPROC-ST7        
	----------         PROC-ST7           ?PR??DELAY?MAIN
	  S:000003H        SYMBOL             msec
	  S:000001H        SYMBOL             del
	  C:0082CEH        LINE#              102
	  C:0082D0H        LINE#              104
	  C:0082D5H        LINE#              105
	  C:0082D9H        LINE#              107
	  C:0082EBH        LINE#              108
	  C:0082F4H        LINE#              110
	----------         ENDPROC-ST7        
	----------         EndModule-ST7      
	----------         TranslatorMod-ST7  DAC
	  D:000020H        PUBLIC             DACvalue
	  C:008378H        PUBLIC             ?updateDAC
	  C:008241H        PUBLIC             ?initDAC
	  D:000020H        SYMBOL             DACvalue
	  C:008378H        SYMBOL             ?updateDAC
	  C:008241H        SYMBOL             ?initDAC
	  T:000000H        SYMBOL             BYTE
	  T:000000H        SYMBOL             WORD
	  T:000000H        SYMBOL             DWORD
	  T:000000H        SYMBOL             _fctptr_t
	  D:007F77H        SYMBOL             ITC_SPR8
	  D:007F76H        SYMBOL             ITC_SPR7
	  D:007F75H        SYMBOL             ITC_SPR6
	  D:007F74H        SYMBOL             ITC_SPR5
	  D:007F73H        SYMBOL             ITC_SPR4
	  D:007F72H        SYMBOL             ITC_SPR3
	  D:007F71H        SYMBOL             ITC_SPR2
	  D:007F70H        SYMBOL             ITC_SPR1
	  D:007F60H        SYMBOL             CFG_GCR
	  D:005444H        SYMBOL             COMP_CSR5
	  D:005443H        SYMBOL             COMP_CSR4
	  D:005442H        SYMBOL             COMP_CSR3
	  D:005441H        SYMBOL             COMP_CSR2
	  D:005440H        SYMBOL             COMP_CSR1
	  D:00543FH        SYMBOL             RI_RCR
	  D:00543EH        SYMBOL             RI_ASCR2
	  D:00543DH        SYMBOL             RI_ASCR1
	  D:00543CH        SYMBOL             RI_IOGCR
	  D:00543BH        SYMBOL             RI_IOSR3
	  D:00543AH        SYMBOL             RI_IOSR2
	  D:005439H        SYMBOL             RI_IOSR1
	  D:005438H        SYMBOL             RI_IOCMR3
	  D:005437H        SYMBOL             RI_IOCMR2
	  D:005436H        SYMBOL             RI_IOCMR1
	  D:005435H        SYMBOL             RI_IOIR3
	  D:005434H        SYMBOL             RI_IOIR2
	  D:005433H        SYMBOL             RI_IOIR1
	  D:005432H        SYMBOL             RI_ICR2
	  D:005431H        SYMBOL             RI_ICR1
	  D:0053ADH        SYMBOL             DAC_DORL
	  D:0053ACH        SYMBOL             DAC_DORH
	  D:0053ACH        SYMBOL             DAC_DOR
	  D:005390H        SYMBOL             DAC_DHR8
	  D:00538DH        SYMBOL             DAC_LDHRL
	  D:00538CH        SYMBOL             DAC_LDHRH
	  D:00538CH        SYMBOL             DAC_LDHR
	  D:005389H        SYMBOL             DAC_RDHRL
	  D:005388H        SYMBOL             DAC_RDHRH
	  D:005388H        SYMBOL             DAC_RDHR
	  D:005385H        SYMBOL             DAC_SR
	  D:005384H        SYMBOL             DAC_SWTRIGR
	  D:005381H        SYMBOL             DAC_CR2
	  D:005380H        SYMBOL             DAC_CR1
	  D:005351H        SYMBOL             ADC1_TRIGR4
	  D:005350H        SYMBOL             ADC1_TRIGR3
	  D:00534FH        SYMBOL             ADC1_TRIGR2
	  D:00534EH        SYMBOL             ADC1_TRIGR1
	  D:00534DH        SYMBOL             ADC1_SQR4
	  D:00534CH        SYMBOL             ADC1_SQR3
	  D:00534BH        SYMBOL             ADC1_SQR2
	  D:00534AH        SYMBOL             ADC1_SQR1
	  D:005349H        SYMBOL             ADC1_LTRL
	  D:005348H        SYMBOL             ADC1_LTRH
	  D:005348H        SYMBOL             ADC1_LTR
	  D:005347H        SYMBOL             ADC1_HTRL
	  D:005346H        SYMBOL             ADC1_HTRH
	  D:005346H        SYMBOL             ADC1_HTR
	  D:005345H        SYMBOL             ADC1_DRL
	  D:005344H        SYMBOL             ADC1_DRH
	  D:005344H        SYMBOL             ADC1_DR
	  D:005343H        SYMBOL             ADC1_SR
	  D:005342H        SYMBOL             ADC1_CR3
	  D:005341H        SYMBOL             ADC1_CR2
	  D:005340H        SYMBOL             ADC1_CR1
	  D:0052FFH        SYMBOL             IR_CR
	  D:0052E9H        SYMBOL             TIM4_ARR
	  D:0052E8H        SYMBOL             TIM4_PSCR
	  D:0052E7H        SYMBOL             TIM4_CNTR
	  D:0052E6H        SYMBOL             TIM4_EGR
	  D:0052E5H        SYMBOL             TIM4_SR1
	  D:0052E4H        SYMBOL             TIM4_IER
	  D:0052E3H        SYMBOL             TIM4_DER
	  D:0052E2H        SYMBOL             TIM4_SMCR
	  D:0052E1H        SYMBOL             TIM4_CR2
	  D:0052E0H        SYMBOL             TIM4_CR1
	  D:0052D3H        SYMBOL             TIM1_DMAR
	  D:0052D2H        SYMBOL             TIM1_DCR2
	  D:0052D1H        SYMBOL             TIM1_DCR1
	  D:0052D0H        SYMBOL             TIM1_OISR
	  D:0052CFH        SYMBOL             TIM1_DTR
	  D:0052CEH        SYMBOL             TIM1_BKR
	  D:0052CDH        SYMBOL             TIM1_CCR4L
	  D:0052CCH        SYMBOL             TIM1_CCR4H
	  D:0052CCH        SYMBOL             TIM1_CCR4
	  D:0052CBH        SYMBOL             TIM1_CCR3L
	  D:0052CAH        SYMBOL             TIM1_CCR3H
	  D:0052CAH        SYMBOL             TIM1_CCR3
	  D:0052C9H        SYMBOL             TIM1_CCR2L
	  D:0052C8H        SYMBOL             TIM1_CCR2H
	  D:0052C8H        SYMBOL             TIM1_CCR2
	  D:0052C7H        SYMBOL             TIM1_CCR1L
	  D:0052C6H        SYMBOL             TIM1_CCR1H
	  D:0052C6H        SYMBOL             TIM1_CCR1
	  D:0052C5H        SYMBOL             TIM1_RCR
	  D:0052C4H        SYMBOL             TIM1_ARRL
	  D:0052C3H        SYMBOL             TIM1_ARRH
	  D:0052C3H        SYMBOL             TIM1_ARR
	  D:0052C2H        SYMBOL             TIM1_PSCRL
	  D:0052C1H        SYMBOL             TIM1_PSCRH
	  D:0052C1H        SYMBOL             TIM1_PSCR
	  D:0052C0H        SYMBOL             TIM1_CNTRL
	  D:0052BFH        SYMBOL             TIM1_CNTRH
	  D:0052BFH        SYMBOL             TIM1_CNTR
	  D:0052BEH        SYMBOL             TIM1_CCER2
	  D:0052BDH        SYMBOL             TIM1_CCER1
	  D:0052BCH        SYMBOL             TIM1_CCMR4
	  D:0052BBH        SYMBOL             TIM1_CCMR3
	  D:0052BAH        SYMBOL             TIM1_CCMR2
	  D:0052B9H        SYMBOL             TIM1_CCMR1
	  D:0052B8H        SYMBOL             TIM1_EGR
	  D:0052B7H        SYMBOL             TIM1_SR2
	  D:0052B6H        SYMBOL             TIM1_SR1
	  D:0052B5H        SYMBOL             TIM1_IER
	  D:0052B4H        SYMBOL             TIM1_DER
	  D:0052B3H        SYMBOL             TIM1_ETR
	  D:0052B2H        SYMBOL             TIM1_SMCR
	  D:0052B1H        SYMBOL             TIM1_CR2
	  D:0052B0H        SYMBOL             TIM1_CR1
	  D:005296H        SYMBOL             TIM3_OISR
	  D:005295H        SYMBOL             TIM3_BKR
	  D:005294H        SYMBOL             TIM3_CCR2L
	  D:005293H        SYMBOL             TIM3_CCR2H
	  D:005293H        SYMBOL             TIM3_CCR2
	  D:005292H        SYMBOL             TIM3_CCR1L
	  D:005291H        SYMBOL             TIM3_CCR1H
	  D:005291H        SYMBOL             TIM3_CCR1
	  D:005290H        SYMBOL             TIM3_ARRL
	  D:00528FH        SYMBOL             TIM3_ARRH
	  D:00528FH        SYMBOL             TIM3_ARR
	  D:00528EH        SYMBOL             TIM3_PSCR
	  D:00528DH        SYMBOL             TIM3_CNTRL
	  D:00528CH        SYMBOL             TIM3_CNTRH
	  D:00528CH        SYMBOL             TIM3_CNTR
	  D:00528BH        SYMBOL             TIM3_CCER1
	  D:00528AH        SYMBOL             TIM3_CCMR2
	  D:005289H        SYMBOL             TIM3_CCMR1
	  D:005288H        SYMBOL             TIM3_EGR
	  D:005287H        SYMBOL             TIM3_SR2
	  D:005286H        SYMBOL             TIM3_SR1
	  D:005285H        SYMBOL             TIM3_IER
	  D:005284H        SYMBOL             TIM3_DER
	  D:005283H        SYMBOL             TIM3_ETR
	  D:005282H        SYMBOL             TIM3_SMCR
	  D:005281H        SYMBOL             TIM3_CR2
	  D:005280H        SYMBOL             TIM3_CR1
	  D:005266H        SYMBOL             TIM2_OISR
	  D:005265H        SYMBOL             TIM2_BKR
	  D:005264H        SYMBOL             TIM2_CCR2L
	  D:005263H        SYMBOL             TIM2_CCR2H
	  D:005263H        SYMBOL             TIM2_CCR2
	  D:005262H        SYMBOL             TIM2_CCR1L
	  D:005261H        SYMBOL             TIM2_CCR1H
	  D:005261H        SYMBOL             TIM2_CCR1
	  D:005260H        SYMBOL             TIM2_ARRL
	  D:00525FH        SYMBOL             TIM2_ARRH
	  D:00525FH        SYMBOL             TIM2_ARR
	  D:00525EH        SYMBOL             TIM2_PSCR
	  D:00525DH        SYMBOL             TIM2_CNTRL
	  D:00525CH        SYMBOL             TIM2_CNTRH
	  D:00525CH        SYMBOL             TIM2_CNTR
	  D:00525BH        SYMBOL             TIM2_CCER1
	  D:00525AH        SYMBOL             TIM2_CCMR2
	  D:005259H        SYMBOL             TIM2_CCMR1
	  D:005258H        SYMBOL             TIM2_EGR
	  D:005257H        SYMBOL             TIM2_SR2
	  D:005256H        SYMBOL             TIM2_SR1
	  D:005255H        SYMBOL             TIM2_IER
	  D:005254H        SYMBOL             TIM2_DER
	  D:005253H        SYMBOL             TIM2_ETR
	  D:005252H        SYMBOL             TIM2_SMCR
	  D:005251H        SYMBOL             TIM2_CR2
	  D:005250H        SYMBOL             TIM2_CR1
	  D:00523AH        SYMBOL             USART1_PSCR
	  D:005239H        SYMBOL             USART1_GTR
	  D:005238H        SYMBOL             USART1_CR5
	  D:005237H        SYMBOL             USART1_CR4
	  D:005236H        SYMBOL             USART1_CR3
	  D:005235H        SYMBOL             USART1_CR2
	  D:005234H        SYMBOL             USART1_CR1
	  D:005233H        SYMBOL             USART1_BRR2
	  D:005232H        SYMBOL             USART1_BRR1
	  D:005231H        SYMBOL             USART1_DR
	  D:005230H        SYMBOL             USART1_SR
	  D:00521EH        SYMBOL             I2C1_PECR
	  D:00521DH        SYMBOL             I2C1_TRISER
	  D:00521CH        SYMBOL             I2C1_CCRH
	  D:00521BH        SYMBOL             I2C1_CCRL
	  D:00521AH        SYMBOL             I2C1_ITR
	  D:005219H        SYMBOL             I2C1_SR3
	  D:005218H        SYMBOL             I2C1_SR2
	  D:005217H        SYMBOL             I2C1_SR1
	  D:005216H        SYMBOL             I2C1_DR
	  D:005214H        SYMBOL             I2C1_OARH
	  D:005213H        SYMBOL             I2C1_OARL
	  D:005212H        SYMBOL             I2C1_FREQR
	  D:005211H        SYMBOL             I2C1_CR2
	  D:005210H        SYMBOL             I2C1_CR1
	  D:005207H        SYMBOL             SPI1_TXCRCR
	  D:005206H        SYMBOL             SPI1_RXCRCR
	  D:005205H        SYMBOL             SPI1_CRCPR
	  D:005204H        SYMBOL             SPI1_DR
	  D:005203H        SYMBOL             SPI1_SR
	  D:005202H        SYMBOL             SPI1_ICR
	  D:005201H        SYMBOL             SPI1_CR2
	  D:005200H        SYMBOL             SPI1_CR1
	  D:00515FH        SYMBOL             RTC_ALRMAR4
	  D:00515EH        SYMBOL             RTC_ALRMAR3
	  D:00515DH        SYMBOL             RTC_ALRMAR2
	  D:00515CH        SYMBOL             RTC_ALRMAR1
	  D:005159H        SYMBOL             RTC_WPR
	  D:005155H        SYMBOL             RTC_WUTRL
	  D:005154H        SYMBOL             RTC_WUTRH
	  D:005154H        SYMBOL             RTC_WUTR
	  D:005152H        SYMBOL             RTC_APRER
	  D:005151H        SYMBOL             RTC_SPRERL
	  D:005150H        SYMBOL             RTC_SPRERH
	  D:005150H        SYMBOL             RTC_SPRER
	  D:00514DH        SYMBOL             RTC_ISR2
	  D:00514CH        SYMBOL             RTC_ISR1
	  D:00514AH        SYMBOL             RTC_CR3
	  D:005149H        SYMBOL             RTC_CR2
	  D:005148H        SYMBOL             RTC_CR1
	  D:005146H        SYMBOL             RTC_DR3
	  D:005145H        SYMBOL             RTC_DR2
	  D:005144H        SYMBOL             RTC_DR1
	  D:005142H        SYMBOL             RTC_TR3
	  D:005141H        SYMBOL             RTC_TR2
	  D:005140H        SYMBOL             RTC_TR1
	  D:0050F3H        SYMBOL             BEEP_CSR2
	  D:0050F0H        SYMBOL             BEEP_CSR1
	  D:0050E2H        SYMBOL             IWDG_RLR
	  D:0050E1H        SYMBOL             IWDG_PR
	  D:0050E0H        SYMBOL             IWDG_KR
	  D:0050D4H        SYMBOL             WWDG_WR
	  D:0050D3H        SYMBOL             WWDG_CR
	  D:0050CFH        SYMBOL             CLK_REGCSR
	  D:0050CEH        SYMBOL             CLK_HSIUNLCKR
	  D:0050CDH        SYMBOL             CLK_HSITRIMR
	  D:0050CCH        SYMBOL             CLK_HSICALR
	  D:0050CBH        SYMBOL             CLK_CBEEPR
	  D:0050CAH        SYMBOL             CLK_CSSR
	  D:0050C9H        SYMBOL             CLK_SWCR
	  D:0050C8H        SYMBOL             CLK_SWR
	  D:0050C7H        SYMBOL             CLK_SCSR
	  D:0050C6H        SYMBOL             CLK_ECKCR
	  D:0050C5H        SYMBOL             CLK_CCOR
	  D:0050C4H        SYMBOL             CLK_PCKENR2
	  D:0050C3H        SYMBOL             CLK_PCKENR1
	  D:0050C2H        SYMBOL             CLK_ICKCR
	  D:0050C1H        SYMBOL             CLK_CRTCR
	  D:0050C0H        SYMBOL             CLK_CKDIVR
	  D:0050B3H        SYMBOL             PWR_CSR2
	  D:0050B2H        SYMBOL             PWR_CSR1
	  D:0050B1H        SYMBOL             RST_SR
	  D:0050B0H        SYMBOL             RST_CR
	  D:0050A8H        SYMBOL             WFE_CR3
	  D:0050A7H        SYMBOL             WFE_CR2
	  D:0050A6H        SYMBOL             WFE_CR1
	  D:0050A5H        SYMBOL             EXTI_CONF
	  D:0050A4H        SYMBOL             EXTI_SR2
	  D:0050A3H        SYMBOL             EXTI_SR1
	  D:0050A2H        SYMBOL             EXTI_CR3
	  D:0050A1H        SYMBOL             EXTI_CR2
	  D:0050A0H        SYMBOL             EXTI_CR1
	  D:00509FH        SYMBOL             SYSCFG_RMPCR2
	  D:00509EH        SYMBOL             SYSCFG_RMPCR1
	  D:00509AH        SYMBOL             DMA1_C3M0ARL
	  D:005099H        SYMBOL             DMA1_C3M0ARH
	  D:005099H        SYMBOL             DMA1_C3M0AR
	  D:005097H        SYMBOL             DMA1_C3PARL_C3M1ARL
	  D:005096H        SYMBOL             DMA1_C3PARH_C3M1ARH
	  D:005096H        SYMBOL             DMA1_C3PAR_C3M1AR
	  D:005095H        SYMBOL             DMA1_C3NDTR
	  D:005094H        SYMBOL             DMA1_C3SPR
	  D:005093H        SYMBOL             DMA1_C3CR
	  D:005090H        SYMBOL             DMA1_C2M0ARL
	  D:00508FH        SYMBOL             DMA1_C2M0ARH
	  D:00508FH        SYMBOL             DMA1_C2M0AR
	  D:00508DH        SYMBOL             DMA1_C2PARL
	  D:00508CH        SYMBOL             DMA1_C2PARH
	  D:00508CH        SYMBOL             DMA1_C2PAR
	  D:00508BH        SYMBOL             DMA1_C2NDTR
	  D:00508AH        SYMBOL             DMA1_C2SPR
	  D:005089H        SYMBOL             DMA1_C2CR
	  D:005086H        SYMBOL             DMA1_C1M0ARL
	  D:005085H        SYMBOL             DMA1_C1M0ARH
	  D:005085H        SYMBOL             DMA1_C1M0AR
	  D:005083H        SYMBOL             DMA1_C1PARL
	  D:005082H        SYMBOL             DMA1_C1PARH
	  D:005082H        SYMBOL             DMA1_C1PAR
	  D:005081H        SYMBOL             DMA1_C1NDTR
	  D:005080H        SYMBOL             DMA1_C1SPR
	  D:00507FH        SYMBOL             DMA1_C1CR
	  D:00507CH        SYMBOL             DMA1_C0M0ARL
	  D:00507BH        SYMBOL             DMA1_C0M0ARH
	  D:00507BH        SYMBOL             DMA1_C0M0AR
	  D:005079H        SYMBOL             DMA1_C0PARL
	  D:005078H        SYMBOL             DMA1_C0PARH
	  D:005078H        SYMBOL             DMA1_C0PAR
	  D:005077H        SYMBOL             DMA1_C0NDTR
	  D:005076H        SYMBOL             DMA1_C0SPR
	  D:005075H        SYMBOL             DMA1_C0CR
	  D:005071H        SYMBOL             DMA1_GIR1
	  D:005070H        SYMBOL             DMA1_GCSR
	  D:005054H        SYMBOL             FLASH_IAPSR
	  D:005053H        SYMBOL             FLASH_DUKR
	  D:005052H        SYMBOL             FLASH_PUKR
	  D:005051H        SYMBOL             FLASH_CR2
	  D:005050H        SYMBOL             FLASH_CR1
	  D:00501DH        SYMBOL             PF_CR2
	  D:00501CH        SYMBOL             PF_CR1
	  D:00501BH        SYMBOL             PF_DDR
	  D:00501AH        SYMBOL             PF_IDR
	  D:005019H        SYMBOL             PF_ODR
	  D:005018H        SYMBOL             PE_CR2
	  D:005017H        SYMBOL             PE_CR1
	  D:005016H        SYMBOL             PE_DDR
	  D:005015H        SYMBOL             PE_IDR
	  D:005014H        SYMBOL             PE_ODR
	  D:005013H        SYMBOL             PD_CR2
	  D:005012H        SYMBOL             PD_CR1
	  D:005011H        SYMBOL             PD_DDR
	  D:005010H        SYMBOL             PD_IDR
	  D:00500FH        SYMBOL             PD_ODR
	  D:00500EH        SYMBOL             PC_CR2
	  D:00500DH        SYMBOL             PC_CR1
	  D:00500CH        SYMBOL             PC_DDR
	  D:00500BH        SYMBOL             PC_IDR
	  D:00500AH        SYMBOL             PC_ODR
	  D:005009H        SYMBOL             PB_CR2
	  D:005008H        SYMBOL             PB_CR1
	  D:005007H        SYMBOL             PB_DDR
	  D:005006H        SYMBOL             PB_IDR
	  D:005005H        SYMBOL             PB_ODR
	  D:005004H        SYMBOL             PA_CR2
	  D:005003H        SYMBOL             PA_CR1
	  D:005002H        SYMBOL             PA_DDR
	  D:005001H        SYMBOL             PA_IDR
	  D:005000H        SYMBOL             PA_ODR
	  N:000FFEH        SYMBOL             _ICE_DUMMY_
	----------         PROC-ST7           ?PR??INITDAC?DAC
	  C:008241H        LINE#              15
	  C:008241H        LINE#              20
	  C:00824DH        LINE#              22
	  C:008259H        LINE#              23
	  C:008265H        LINE#              28
	  C:008269H        LINE#              29
	  C:00826EH        LINE#              30
	  C:008274H        LINE#              34
	----------         ENDPROC-ST7        
	----------         PROC-ST7           ?PR??UPDATEDAC?DAC
	  C:008378H        LINE#              36
	  C:008378H        LINE#              38
	  C:00837DH        LINE#              53
	----------         ENDPROC-ST7        
	----------         EndModule-ST7      
	----------         TranslatorMod-ST7  ECMA0896
	  B:02807DH        PUBLIC             RESETLCD
	  B:02807CH        PUBLIC             SCLK
	  B:028004H        PUBLIC             SDATA
	  B:028005H        PUBLIC             CS
	  B:028006H        PUBLIC             A0
	  C:008157H        PUBLIC             ?writebyte
	  C:008360H        PUBLIC             ?commandLCD
	  C:008051H        PUBLIC             ?updateLCD
	  C:008332H        PUBLIC             ?cls
	  C:0080F3H        PUBLIC             ?lcdprintstr
	  C:00836CH        PUBLIC             ?lcdprint
	  C:0081FBH        PUBLIC             ?initLCD
	  B:02807DH        SYMBOL             RESETLCD
	  B:02807CH        SYMBOL             SCLK
	  B:028004H        SYMBOL             SDATA
	  B:028005H        SYMBOL             CS
	  B:028006H        SYMBOL             A0
	  C:008157H        SYMBOL             ?writebyte
	  C:008360H        SYMBOL             ?commandLCD
	  C:008051H        SYMBOL             ?updateLCD
	  C:008332H        SYMBOL             ?cls
	  C:0080F3H        SYMBOL             ?lcdprintstr
	  C:00836CH        SYMBOL             ?lcdprint
	  C:0081FBH        SYMBOL             ?initLCD
	  T:000000H        SYMBOL             BYTE
	  T:000000H        SYMBOL             WORD
	  T:000000H        SYMBOL             DWORD
	  T:000000H        SYMBOL             _fctptr_t
	  D:007F77H        SYMBOL             ITC_SPR8
	  D:007F76H        SYMBOL             ITC_SPR7
	  D:007F75H        SYMBOL             ITC_SPR6
	  D:007F74H        SYMBOL             ITC_SPR5
	  D:007F73H        SYMBOL             ITC_SPR4
	  D:007F72H        SYMBOL             ITC_SPR3
	  D:007F71H        SYMBOL             ITC_SPR2
	  D:007F70H        SYMBOL             ITC_SPR1
	  D:007F60H        SYMBOL             CFG_GCR
	  D:005444H        SYMBOL             COMP_CSR5
	  D:005443H        SYMBOL             COMP_CSR4
	  D:005442H        SYMBOL             COMP_CSR3
	  D:005441H        SYMBOL             COMP_CSR2
	  D:005440H        SYMBOL             COMP_CSR1
	  D:00543FH        SYMBOL             RI_RCR
	  D:00543EH        SYMBOL             RI_ASCR2
	  D:00543DH        SYMBOL             RI_ASCR1
	  D:00543CH        SYMBOL             RI_IOGCR
	  D:00543BH        SYMBOL             RI_IOSR3
	  D:00543AH        SYMBOL             RI_IOSR2
	  D:005439H        SYMBOL             RI_IOSR1
	  D:005438H        SYMBOL             RI_IOCMR3
	  D:005437H        SYMBOL             RI_IOCMR2
	  D:005436H        SYMBOL             RI_IOCMR1
	  D:005435H        SYMBOL             RI_IOIR3
	  D:005434H        SYMBOL             RI_IOIR2
	  D:005433H        SYMBOL             RI_IOIR1
	  D:005432H        SYMBOL             RI_ICR2
	  D:005431H        SYMBOL             RI_ICR1
	  D:0053ADH        SYMBOL             DAC_DORL
	  D:0053ACH        SYMBOL             DAC_DORH
	  D:0053ACH        SYMBOL             DAC_DOR
	  D:005390H        SYMBOL             DAC_DHR8
	  D:00538DH        SYMBOL             DAC_LDHRL
	  D:00538CH        SYMBOL             DAC_LDHRH
	  D:00538CH        SYMBOL             DAC_LDHR
	  D:005389H        SYMBOL             DAC_RDHRL
	  D:005388H        SYMBOL             DAC_RDHRH
	  D:005388H        SYMBOL             DAC_RDHR
	  D:005385H        SYMBOL             DAC_SR
	  D:005384H        SYMBOL             DAC_SWTRIGR
	  D:005381H        SYMBOL             DAC_CR2
	  D:005380H        SYMBOL             DAC_CR1
	  D:005351H        SYMBOL             ADC1_TRIGR4
	  D:005350H        SYMBOL             ADC1_TRIGR3
	  D:00534FH        SYMBOL             ADC1_TRIGR2
	  D:00534EH        SYMBOL             ADC1_TRIGR1
	  D:00534DH        SYMBOL             ADC1_SQR4
	  D:00534CH        SYMBOL             ADC1_SQR3
	  D:00534BH        SYMBOL             ADC1_SQR2
	  D:00534AH        SYMBOL             ADC1_SQR1
	  D:005349H        SYMBOL             ADC1_LTRL
	  D:005348H        SYMBOL             ADC1_LTRH
	  D:005348H        SYMBOL             ADC1_LTR
	  D:005347H        SYMBOL             ADC1_HTRL
	  D:005346H        SYMBOL             ADC1_HTRH
	  D:005346H        SYMBOL             ADC1_HTR
	  D:005345H        SYMBOL             ADC1_DRL
	  D:005344H        SYMBOL             ADC1_DRH
	  D:005344H        SYMBOL             ADC1_DR
	  D:005343H        SYMBOL             ADC1_SR
	  D:005342H        SYMBOL             ADC1_CR3
	  D:005341H        SYMBOL             ADC1_CR2
	  D:005340H        SYMBOL             ADC1_CR1
	  D:0052FFH        SYMBOL             IR_CR
	  D:0052E9H        SYMBOL             TIM4_ARR
	  D:0052E8H        SYMBOL             TIM4_PSCR
	  D:0052E7H        SYMBOL             TIM4_CNTR
	  D:0052E6H        SYMBOL             TIM4_EGR
	  D:0052E5H        SYMBOL             TIM4_SR1
	  D:0052E4H        SYMBOL             TIM4_IER
	  D:0052E3H        SYMBOL             TIM4_DER
	  D:0052E2H        SYMBOL             TIM4_SMCR
	  D:0052E1H        SYMBOL             TIM4_CR2
	  D:0052E0H        SYMBOL             TIM4_CR1
	  D:0052D3H        SYMBOL             TIM1_DMAR
	  D:0052D2H        SYMBOL             TIM1_DCR2
	  D:0052D1H        SYMBOL             TIM1_DCR1
	  D:0052D0H        SYMBOL             TIM1_OISR
	  D:0052CFH        SYMBOL             TIM1_DTR
	  D:0052CEH        SYMBOL             TIM1_BKR
	  D:0052CDH        SYMBOL             TIM1_CCR4L
	  D:0052CCH        SYMBOL             TIM1_CCR4H
	  D:0052CCH        SYMBOL             TIM1_CCR4
	  D:0052CBH        SYMBOL             TIM1_CCR3L
	  D:0052CAH        SYMBOL             TIM1_CCR3H
	  D:0052CAH        SYMBOL             TIM1_CCR3
	  D:0052C9H        SYMBOL             TIM1_CCR2L
	  D:0052C8H        SYMBOL             TIM1_CCR2H
	  D:0052C8H        SYMBOL             TIM1_CCR2
	  D:0052C7H        SYMBOL             TIM1_CCR1L
	  D:0052C6H        SYMBOL             TIM1_CCR1H
	  D:0052C6H        SYMBOL             TIM1_CCR1
	  D:0052C5H        SYMBOL             TIM1_RCR
	  D:0052C4H        SYMBOL             TIM1_ARRL
	  D:0052C3H        SYMBOL             TIM1_ARRH
	  D:0052C3H        SYMBOL             TIM1_ARR
	  D:0052C2H        SYMBOL             TIM1_PSCRL
	  D:0052C1H        SYMBOL             TIM1_PSCRH
	  D:0052C1H        SYMBOL             TIM1_PSCR
	  D:0052C0H        SYMBOL             TIM1_CNTRL
	  D:0052BFH        SYMBOL             TIM1_CNTRH
	  D:0052BFH        SYMBOL             TIM1_CNTR
	  D:0052BEH        SYMBOL             TIM1_CCER2
	  D:0052BDH        SYMBOL             TIM1_CCER1
	  D:0052BCH        SYMBOL             TIM1_CCMR4
	  D:0052BBH        SYMBOL             TIM1_CCMR3
	  D:0052BAH        SYMBOL             TIM1_CCMR2
	  D:0052B9H        SYMBOL             TIM1_CCMR1
	  D:0052B8H        SYMBOL             TIM1_EGR
	  D:0052B7H        SYMBOL             TIM1_SR2
	  D:0052B6H        SYMBOL             TIM1_SR1
	  D:0052B5H        SYMBOL             TIM1_IER
	  D:0052B4H        SYMBOL             TIM1_DER
	  D:0052B3H        SYMBOL             TIM1_ETR
	  D:0052B2H        SYMBOL             TIM1_SMCR
	  D:0052B1H        SYMBOL             TIM1_CR2
	  D:0052B0H        SYMBOL             TIM1_CR1
	  D:005296H        SYMBOL             TIM3_OISR
	  D:005295H        SYMBOL             TIM3_BKR
	  D:005294H        SYMBOL             TIM3_CCR2L
	  D:005293H        SYMBOL             TIM3_CCR2H
	  D:005293H        SYMBOL             TIM3_CCR2
	  D:005292H        SYMBOL             TIM3_CCR1L
	  D:005291H        SYMBOL             TIM3_CCR1H
	  D:005291H        SYMBOL             TIM3_CCR1
	  D:005290H        SYMBOL             TIM3_ARRL
	  D:00528FH        SYMBOL             TIM3_ARRH
	  D:00528FH        SYMBOL             TIM3_ARR
	  D:00528EH        SYMBOL             TIM3_PSCR
	  D:00528DH        SYMBOL             TIM3_CNTRL
	  D:00528CH        SYMBOL             TIM3_CNTRH
	  D:00528CH        SYMBOL             TIM3_CNTR
	  D:00528BH        SYMBOL             TIM3_CCER1
	  D:00528AH        SYMBOL             TIM3_CCMR2
	  D:005289H        SYMBOL             TIM3_CCMR1
	  D:005288H        SYMBOL             TIM3_EGR
	  D:005287H        SYMBOL             TIM3_SR2
	  D:005286H        SYMBOL             TIM3_SR1
	  D:005285H        SYMBOL             TIM3_IER
	  D:005284H        SYMBOL             TIM3_DER
	  D:005283H        SYMBOL             TIM3_ETR
	  D:005282H        SYMBOL             TIM3_SMCR
	  D:005281H        SYMBOL             TIM3_CR2
	  D:005280H        SYMBOL             TIM3_CR1
	  D:005266H        SYMBOL             TIM2_OISR
	  D:005265H        SYMBOL             TIM2_BKR
	  D:005264H        SYMBOL             TIM2_CCR2L
	  D:005263H        SYMBOL             TIM2_CCR2H
	  D:005263H        SYMBOL             TIM2_CCR2
	  D:005262H        SYMBOL             TIM2_CCR1L
	  D:005261H        SYMBOL             TIM2_CCR1H
	  D:005261H        SYMBOL             TIM2_CCR1
	  D:005260H        SYMBOL             TIM2_ARRL
	  D:00525FH        SYMBOL             TIM2_ARRH
	  D:00525FH        SYMBOL             TIM2_ARR
	  D:00525EH        SYMBOL             TIM2_PSCR
	  D:00525DH        SYMBOL             TIM2_CNTRL
	  D:00525CH        SYMBOL             TIM2_CNTRH
	  D:00525CH        SYMBOL             TIM2_CNTR
	  D:00525BH        SYMBOL             TIM2_CCER1
	  D:00525AH        SYMBOL             TIM2_CCMR2
	  D:005259H        SYMBOL             TIM2_CCMR1
	  D:005258H        SYMBOL             TIM2_EGR
	  D:005257H        SYMBOL             TIM2_SR2
	  D:005256H        SYMBOL             TIM2_SR1
	  D:005255H        SYMBOL             TIM2_IER
	  D:005254H        SYMBOL             TIM2_DER
	  D:005253H        SYMBOL             TIM2_ETR
	  D:005252H        SYMBOL             TIM2_SMCR
	  D:005251H        SYMBOL             TIM2_CR2
	  D:005250H        SYMBOL             TIM2_CR1
	  D:00523AH        SYMBOL             USART1_PSCR
	  D:005239H        SYMBOL             USART1_GTR
	  D:005238H        SYMBOL             USART1_CR5
	  D:005237H        SYMBOL             USART1_CR4
	  D:005236H        SYMBOL             USART1_CR3
	  D:005235H        SYMBOL             USART1_CR2
	  D:005234H        SYMBOL             USART1_CR1
	  D:005233H        SYMBOL             USART1_BRR2
	  D:005232H        SYMBOL             USART1_BRR1
	  D:005231H        SYMBOL             USART1_DR
	  D:005230H        SYMBOL             USART1_SR
	  D:00521EH        SYMBOL             I2C1_PECR
	  D:00521DH        SYMBOL             I2C1_TRISER
	  D:00521CH        SYMBOL             I2C1_CCRH
	  D:00521BH        SYMBOL             I2C1_CCRL
	  D:00521AH        SYMBOL             I2C1_ITR
	  D:005219H        SYMBOL             I2C1_SR3
	  D:005218H        SYMBOL             I2C1_SR2
	  D:005217H        SYMBOL             I2C1_SR1
	  D:005216H        SYMBOL             I2C1_DR
	  D:005214H        SYMBOL             I2C1_OARH
	  D:005213H        SYMBOL             I2C1_OARL
	  D:005212H        SYMBOL             I2C1_FREQR
	  D:005211H        SYMBOL             I2C1_CR2
	  D:005210H        SYMBOL             I2C1_CR1
	  D:005207H        SYMBOL             SPI1_TXCRCR
	  D:005206H        SYMBOL             SPI1_RXCRCR
	  D:005205H        SYMBOL             SPI1_CRCPR
	  D:005204H        SYMBOL             SPI1_DR
	  D:005203H        SYMBOL             SPI1_SR
	  D:005202H        SYMBOL             SPI1_ICR
	  D:005201H        SYMBOL             SPI1_CR2
	  D:005200H        SYMBOL             SPI1_CR1
	  D:00515FH        SYMBOL             RTC_ALRMAR4
	  D:00515EH        SYMBOL             RTC_ALRMAR3
	  D:00515DH        SYMBOL             RTC_ALRMAR2
	  D:00515CH        SYMBOL             RTC_ALRMAR1
	  D:005159H        SYMBOL             RTC_WPR
	  D:005155H        SYMBOL             RTC_WUTRL
	  D:005154H        SYMBOL             RTC_WUTRH
	  D:005154H        SYMBOL             RTC_WUTR
	  D:005152H        SYMBOL             RTC_APRER
	  D:005151H        SYMBOL             RTC_SPRERL
	  D:005150H        SYMBOL             RTC_SPRERH
	  D:005150H        SYMBOL             RTC_SPRER
	  D:00514DH        SYMBOL             RTC_ISR2
	  D:00514CH        SYMBOL             RTC_ISR1
	  D:00514AH        SYMBOL             RTC_CR3
	  D:005149H        SYMBOL             RTC_CR2
	  D:005148H        SYMBOL             RTC_CR1
	  D:005146H        SYMBOL             RTC_DR3
	  D:005145H        SYMBOL             RTC_DR2
	  D:005144H        SYMBOL             RTC_DR1
	  D:005142H        SYMBOL             RTC_TR3
	  D:005141H        SYMBOL             RTC_TR2
	  D:005140H        SYMBOL             RTC_TR1
	  D:0050F3H        SYMBOL             BEEP_CSR2
	  D:0050F0H        SYMBOL             BEEP_CSR1
	  D:0050E2H        SYMBOL             IWDG_RLR
	  D:0050E1H        SYMBOL             IWDG_PR
	  D:0050E0H        SYMBOL             IWDG_KR
	  D:0050D4H        SYMBOL             WWDG_WR
	  D:0050D3H        SYMBOL             WWDG_CR
	  D:0050CFH        SYMBOL             CLK_REGCSR
	  D:0050CEH        SYMBOL             CLK_HSIUNLCKR
	  D:0050CDH        SYMBOL             CLK_HSITRIMR
	  D:0050CCH        SYMBOL             CLK_HSICALR
	  D:0050CBH        SYMBOL             CLK_CBEEPR
	  D:0050CAH        SYMBOL             CLK_CSSR
	  D:0050C9H        SYMBOL             CLK_SWCR
	  D:0050C8H        SYMBOL             CLK_SWR
	  D:0050C7H        SYMBOL             CLK_SCSR
	  D:0050C6H        SYMBOL             CLK_ECKCR
	  D:0050C5H        SYMBOL             CLK_CCOR
	  D:0050C4H        SYMBOL             CLK_PCKENR2
	  D:0050C3H        SYMBOL             CLK_PCKENR1
	  D:0050C2H        SYMBOL             CLK_ICKCR
	  D:0050C1H        SYMBOL             CLK_CRTCR
	  D:0050C0H        SYMBOL             CLK_CKDIVR
	  D:0050B3H        SYMBOL             PWR_CSR2
	  D:0050B2H        SYMBOL             PWR_CSR1
	  D:0050B1H        SYMBOL             RST_SR
	  D:0050B0H        SYMBOL             RST_CR
	  D:0050A8H        SYMBOL             WFE_CR3
	  D:0050A7H        SYMBOL             WFE_CR2
	  D:0050A6H        SYMBOL             WFE_CR1
	  D:0050A5H        SYMBOL             EXTI_CONF
	  D:0050A4H        SYMBOL             EXTI_SR2
	  D:0050A3H        SYMBOL             EXTI_SR1
	  D:0050A2H        SYMBOL             EXTI_CR3
	  D:0050A1H        SYMBOL             EXTI_CR2
	  D:0050A0H        SYMBOL             EXTI_CR1
	  D:00509FH        SYMBOL             SYSCFG_RMPCR2
	  D:00509EH        SYMBOL             SYSCFG_RMPCR1
	  D:00509AH        SYMBOL             DMA1_C3M0ARL
	  D:005099H        SYMBOL             DMA1_C3M0ARH
	  D:005099H        SYMBOL             DMA1_C3M0AR
	  D:005097H        SYMBOL             DMA1_C3PARL_C3M1ARL
	  D:005096H        SYMBOL             DMA1_C3PARH_C3M1ARH
	  D:005096H        SYMBOL             DMA1_C3PAR_C3M1AR
	  D:005095H        SYMBOL             DMA1_C3NDTR
	  D:005094H        SYMBOL             DMA1_C3SPR
	  D:005093H        SYMBOL             DMA1_C3CR
	  D:005090H        SYMBOL             DMA1_C2M0ARL
	  D:00508FH        SYMBOL             DMA1_C2M0ARH
	  D:00508FH        SYMBOL             DMA1_C2M0AR
	  D:00508DH        SYMBOL             DMA1_C2PARL
	  D:00508CH        SYMBOL             DMA1_C2PARH
	  D:00508CH        SYMBOL             DMA1_C2PAR
	  D:00508BH        SYMBOL             DMA1_C2NDTR
	  D:00508AH        SYMBOL             DMA1_C2SPR
	  D:005089H        SYMBOL             DMA1_C2CR
	  D:005086H        SYMBOL             DMA1_C1M0ARL
	  D:005085H        SYMBOL             DMA1_C1M0ARH
	  D:005085H        SYMBOL             DMA1_C1M0AR
	  D:005083H        SYMBOL             DMA1_C1PARL
	  D:005082H        SYMBOL             DMA1_C1PARH
	  D:005082H        SYMBOL             DMA1_C1PAR
	  D:005081H        SYMBOL             DMA1_C1NDTR
	  D:005080H        SYMBOL             DMA1_C1SPR
	  D:00507FH        SYMBOL             DMA1_C1CR
	  D:00507CH        SYMBOL             DMA1_C0M0ARL
	  D:00507BH        SYMBOL             DMA1_C0M0ARH
	  D:00507BH        SYMBOL             DMA1_C0M0AR
	  D:005079H        SYMBOL             DMA1_C0PARL
	  D:005078H        SYMBOL             DMA1_C0PARH
	  D:005078H        SYMBOL             DMA1_C0PAR
	  D:005077H        SYMBOL             DMA1_C0NDTR
	  D:005076H        SYMBOL             DMA1_C0SPR
	  D:005075H        SYMBOL             DMA1_C0CR
	  D:005071H        SYMBOL             DMA1_GIR1
	  D:005070H        SYMBOL             DMA1_GCSR
	  D:005054H        SYMBOL             FLASH_IAPSR
	  D:005053H        SYMBOL             FLASH_DUKR
	  D:005052H        SYMBOL             FLASH_PUKR
	  D:005051H        SYMBOL             FLASH_CR2
	  D:005050H        SYMBOL             FLASH_CR1
	  D:00501DH        SYMBOL             PF_CR2
	  D:00501CH        SYMBOL             PF_CR1
	  D:00501BH        SYMBOL             PF_DDR
	  D:00501AH        SYMBOL             PF_IDR
	  D:005019H        SYMBOL             PF_ODR
	  D:005018H        SYMBOL             PE_CR2
	  D:005017H        SYMBOL             PE_CR1
	  D:005016H        SYMBOL             PE_DDR
	  D:005015H        SYMBOL             PE_IDR
	  D:005014H        SYMBOL             PE_ODR
	  D:005013H        SYMBOL             PD_CR2
	  D:005012H        SYMBOL             PD_CR1
	  D:005011H        SYMBOL             PD_DDR
	  D:005010H        SYMBOL             PD_IDR
	  D:00500FH        SYMBOL             PD_ODR
	  D:00500EH        SYMBOL             PC_CR2
	  D:00500DH        SYMBOL             PC_CR1
	  D:00500CH        SYMBOL             PC_DDR
	  D:00500BH        SYMBOL             PC_IDR
	  D:00500AH        SYMBOL             PC_ODR
	  D:005009H        SYMBOL             PB_CR2
	  D:005008H        SYMBOL             PB_CR1
	  D:005007H        SYMBOL             PB_DDR
	  D:005006H        SYMBOL             PB_IDR
	  D:005005H        SYMBOL             PB_ODR
	  D:005004H        SYMBOL             PA_CR2
	  D:005003H        SYMBOL             PA_CR1
	  D:005002H        SYMBOL             PA_DDR
	  D:005001H        SYMBOL             PA_IDR
	  D:005000H        SYMBOL             PA_ODR
	  N:000FFEH        SYMBOL             _ICE_DUMMY_
	----------         PROC-ST7           ?PR??UPDATELCD?ECMA0896
	  C:008051H        LINE#              18
	  C:008051H        LINE#              24
	----------         ENDPROC-ST7        
	----------         PROC-ST7           ?PR??INITLCD?ECMA0896
	  C:0081FBH        LINE#              26
	  C:0081FBH        LINE#              28
	  C:0081FFH        LINE#              29
	  C:008205H        LINE#              30
	  C:008209H        LINE#              31
	  C:00820EH        LINE#              32
	  C:008213H        LINE#              33
	  C:008218H        LINE#              34
	  C:00821DH        LINE#              35
	  C:008222H        LINE#              36
	  C:008227H        LINE#              37
	  C:00822DH        LINE#              38
	  C:008232H        LINE#              39
	  C:008237H        LINE#              40
	  C:00823DH        LINE#              41
	  C:008240H        LINE#              42
	----------         ENDPROC-ST7        
	----------         PROC-ST7           ?PR??CLS?ECMA0896
	  S:000001H        SYMBOL             j
	  C:008332H        LINE#              44
	  C:008333H        LINE#              47
	  C:00834AH        LINE#              48
	----------         ENDPROC-ST7        
	----------         PROC-ST7           ?PR??COMMANDLCD?ECMA0896
	  S:000001H        SYMBOL             comLCD
	  C:008360H        LINE#              50
	  C:008361H        LINE#              52
	  C:008365H        LINE#              53
	  C:00836BH        LINE#              54
	----------         ENDPROC-ST7        
	----------         PROC-ST7           ?PR??LCDPRINT?ECMA0896
	  S:000001H        SYMBOL             symbol
	  C:00836CH        LINE#              55
	  C:00836DH        LINE#              57
	  C:008371H        LINE#              58
	  C:008377H        LINE#              59
	----------         ENDPROC-ST7        
	----------         PROC-ST7           ?PR??LCDPRINTSTR?ECMA0896
	  S:000004H        SYMBOL             LCDSTRING
	  S:000003H        SYMBOL             row
	  S:000001H        SYMBOL             cursor
	  S:000002H        SYMBOL             c
	  C:0080F3H        LINE#              60
	  C:0080F6H        LINE#              63
	  C:00810BH        LINE#              66
	  C:008110H        LINE#              67
	  C:008112H        LINE#              69
	  C:008117H        LINE#              70
	  C:008119H        LINE#              72
	  C:00811EH        LINE#              73
	  C:008120H        LINE#              75
	  C:008125H        LINE#              76
	  C:008127H        LINE#              78
	  C:00812CH        LINE#              79
	  C:00812EH        LINE#              83
	  C:008132H        LINE#              85
	  C:00813FH        LINE#              86
	  C:008145H        LINE#              88
	  C:00814AH        LINE#              83
	  C:008156H        LINE#              90
	----------         ENDPROC-ST7        
	----------         PROC-ST7           ?PR??WRITEBYTE?ECMA0896
	  S:000002H        SYMBOL             ch
	  S:000001H        SYMBOL             mask
	  C:008157H        LINE#              92
	  C:008159H        LINE#              95
	  C:00815DH        LINE#              96
	  C:008161H        LINE#              98
	  C:00816BH        LINE#              100
	  C:008191H        LINE#              101
	  C:008195H        LINE#              102
	  C:008199H        LINE#              103
	  C:00819AH        LINE#              104
	  C:00819BH        LINE#              105
	  C:00819FH        LINE#              106
	  C:0081A0H        LINE#              107
	  C:0081A1H        LINE#              98
	  C:0081ACH        LINE#              109
	  C:0081B1H        LINE#              110
	----------         ENDPROC-ST7        
	----------         EndModule-ST7      
	----------         TranslatorMod-ST7  EEPROM
	  C:00804AH        PUBLIC             PASSWORD
	  D:000000H        PUBLIC             EEbuffer
	  E:001000H        PUBLIC             PARAMS
	  C:008052H        PUBLIC             ?readparameters
	  C:00808AH        PUBLIC             ?ee_pgm
	  C:0082F5H        PUBLIC             ?ee_read
	  C:00804AH        SYMBOL             PASSWORD
	  D:000000H        SYMBOL             EEbuffer
	  E:001000H        SYMBOL             PARAMS
	  C:008052H        SYMBOL             ?readparameters
	  C:00808AH        SYMBOL             ?ee_pgm
	  C:0082F5H        SYMBOL             ?ee_read
	  T:000000H        SYMBOL             BYTE
	  T:000000H        SYMBOL             WORD
	  T:000000H        SYMBOL             DWORD
	  T:000000H        SYMBOL             _fctptr_t
	  D:007F77H        SYMBOL             ITC_SPR8
	  D:007F76H        SYMBOL             ITC_SPR7
	  D:007F75H        SYMBOL             ITC_SPR6
	  D:007F74H        SYMBOL             ITC_SPR5
	  D:007F73H        SYMBOL             ITC_SPR4
	  D:007F72H        SYMBOL             ITC_SPR3
	  D:007F71H        SYMBOL             ITC_SPR2
	  D:007F70H        SYMBOL             ITC_SPR1
	  D:007F60H        SYMBOL             CFG_GCR
	  D:005444H        SYMBOL             COMP_CSR5
	  D:005443H        SYMBOL             COMP_CSR4
	  D:005442H        SYMBOL             COMP_CSR3
	  D:005441H        SYMBOL             COMP_CSR2
	  D:005440H        SYMBOL             COMP_CSR1
	  D:00543FH        SYMBOL             RI_RCR
	  D:00543EH        SYMBOL             RI_ASCR2
	  D:00543DH        SYMBOL             RI_ASCR1
	  D:00543CH        SYMBOL             RI_IOGCR
	  D:00543BH        SYMBOL             RI_IOSR3
	  D:00543AH        SYMBOL             RI_IOSR2
	  D:005439H        SYMBOL             RI_IOSR1
	  D:005438H        SYMBOL             RI_IOCMR3
	  D:005437H        SYMBOL             RI_IOCMR2
	  D:005436H        SYMBOL             RI_IOCMR1
	  D:005435H        SYMBOL             RI_IOIR3
	  D:005434H        SYMBOL             RI_IOIR2
	  D:005433H        SYMBOL             RI_IOIR1
	  D:005432H        SYMBOL             RI_ICR2
	  D:005431H        SYMBOL             RI_ICR1
	  D:0053ADH        SYMBOL             DAC_DORL
	  D:0053ACH        SYMBOL             DAC_DORH
	  D:0053ACH        SYMBOL             DAC_DOR
	  D:005390H        SYMBOL             DAC_DHR8
	  D:00538DH        SYMBOL             DAC_LDHRL
	  D:00538CH        SYMBOL             DAC_LDHRH
	  D:00538CH        SYMBOL             DAC_LDHR
	  D:005389H        SYMBOL             DAC_RDHRL
	  D:005388H        SYMBOL             DAC_RDHRH
	  D:005388H        SYMBOL             DAC_RDHR
	  D:005385H        SYMBOL             DAC_SR
	  D:005384H        SYMBOL             DAC_SWTRIGR
	  D:005381H        SYMBOL             DAC_CR2
	  D:005380H        SYMBOL             DAC_CR1
	  D:005351H        SYMBOL             ADC1_TRIGR4
	  D:005350H        SYMBOL             ADC1_TRIGR3
	  D:00534FH        SYMBOL             ADC1_TRIGR2
	  D:00534EH        SYMBOL             ADC1_TRIGR1
	  D:00534DH        SYMBOL             ADC1_SQR4
	  D:00534CH        SYMBOL             ADC1_SQR3
	  D:00534BH        SYMBOL             ADC1_SQR2
	  D:00534AH        SYMBOL             ADC1_SQR1
	  D:005349H        SYMBOL             ADC1_LTRL
	  D:005348H        SYMBOL             ADC1_LTRH
	  D:005348H        SYMBOL             ADC1_LTR
	  D:005347H        SYMBOL             ADC1_HTRL
	  D:005346H        SYMBOL             ADC1_HTRH
	  D:005346H        SYMBOL             ADC1_HTR
	  D:005345H        SYMBOL             ADC1_DRL
	  D:005344H        SYMBOL             ADC1_DRH
	  D:005344H        SYMBOL             ADC1_DR
	  D:005343H        SYMBOL             ADC1_SR
	  D:005342H        SYMBOL             ADC1_CR3
	  D:005341H        SYMBOL             ADC1_CR2
	  D:005340H        SYMBOL             ADC1_CR1
	  D:0052FFH        SYMBOL             IR_CR
	  D:0052E9H        SYMBOL             TIM4_ARR
	  D:0052E8H        SYMBOL             TIM4_PSCR
	  D:0052E7H        SYMBOL             TIM4_CNTR
	  D:0052E6H        SYMBOL             TIM4_EGR
	  D:0052E5H        SYMBOL             TIM4_SR1
	  D:0052E4H        SYMBOL             TIM4_IER
	  D:0052E3H        SYMBOL             TIM4_DER
	  D:0052E2H        SYMBOL             TIM4_SMCR
	  D:0052E1H        SYMBOL             TIM4_CR2
	  D:0052E0H        SYMBOL             TIM4_CR1
	  D:0052D3H        SYMBOL             TIM1_DMAR
	  D:0052D2H        SYMBOL             TIM1_DCR2
	  D:0052D1H        SYMBOL             TIM1_DCR1
	  D:0052D0H        SYMBOL             TIM1_OISR
	  D:0052CFH        SYMBOL             TIM1_DTR
	  D:0052CEH        SYMBOL             TIM1_BKR
	  D:0052CDH        SYMBOL             TIM1_CCR4L
	  D:0052CCH        SYMBOL             TIM1_CCR4H
	  D:0052CCH        SYMBOL             TIM1_CCR4
	  D:0052CBH        SYMBOL             TIM1_CCR3L
	  D:0052CAH        SYMBOL             TIM1_CCR3H
	  D:0052CAH        SYMBOL             TIM1_CCR3
	  D:0052C9H        SYMBOL             TIM1_CCR2L
	  D:0052C8H        SYMBOL             TIM1_CCR2H
	  D:0052C8H        SYMBOL             TIM1_CCR2
	  D:0052C7H        SYMBOL             TIM1_CCR1L
	  D:0052C6H        SYMBOL             TIM1_CCR1H
	  D:0052C6H        SYMBOL             TIM1_CCR1
	  D:0052C5H        SYMBOL             TIM1_RCR
	  D:0052C4H        SYMBOL             TIM1_ARRL
	  D:0052C3H        SYMBOL             TIM1_ARRH
	  D:0052C3H        SYMBOL             TIM1_ARR
	  D:0052C2H        SYMBOL             TIM1_PSCRL
	  D:0052C1H        SYMBOL             TIM1_PSCRH
	  D:0052C1H        SYMBOL             TIM1_PSCR
	  D:0052C0H        SYMBOL             TIM1_CNTRL
	  D:0052BFH        SYMBOL             TIM1_CNTRH
	  D:0052BFH        SYMBOL             TIM1_CNTR
	  D:0052BEH        SYMBOL             TIM1_CCER2
	  D:0052BDH        SYMBOL             TIM1_CCER1
	  D:0052BCH        SYMBOL             TIM1_CCMR4
	  D:0052BBH        SYMBOL             TIM1_CCMR3
	  D:0052BAH        SYMBOL             TIM1_CCMR2
	  D:0052B9H        SYMBOL             TIM1_CCMR1
	  D:0052B8H        SYMBOL             TIM1_EGR
	  D:0052B7H        SYMBOL             TIM1_SR2
	  D:0052B6H        SYMBOL             TIM1_SR1
	  D:0052B5H        SYMBOL             TIM1_IER
	  D:0052B4H        SYMBOL             TIM1_DER
	  D:0052B3H        SYMBOL             TIM1_ETR
	  D:0052B2H        SYMBOL             TIM1_SMCR
	  D:0052B1H        SYMBOL             TIM1_CR2
	  D:0052B0H        SYMBOL             TIM1_CR1
	  D:005296H        SYMBOL             TIM3_OISR
	  D:005295H        SYMBOL             TIM3_BKR
	  D:005294H        SYMBOL             TIM3_CCR2L
	  D:005293H        SYMBOL             TIM3_CCR2H
	  D:005293H        SYMBOL             TIM3_CCR2
	  D:005292H        SYMBOL             TIM3_CCR1L
	  D:005291H        SYMBOL             TIM3_CCR1H
	  D:005291H        SYMBOL             TIM3_CCR1
	  D:005290H        SYMBOL             TIM3_ARRL
	  D:00528FH        SYMBOL             TIM3_ARRH
	  D:00528FH        SYMBOL             TIM3_ARR
	  D:00528EH        SYMBOL             TIM3_PSCR
	  D:00528DH        SYMBOL             TIM3_CNTRL
	  D:00528CH        SYMBOL             TIM3_CNTRH
	  D:00528CH        SYMBOL             TIM3_CNTR
	  D:00528BH        SYMBOL             TIM3_CCER1
	  D:00528AH        SYMBOL             TIM3_CCMR2
	  D:005289H        SYMBOL             TIM3_CCMR1
	  D:005288H        SYMBOL             TIM3_EGR
	  D:005287H        SYMBOL             TIM3_SR2
	  D:005286H        SYMBOL             TIM3_SR1
	  D:005285H        SYMBOL             TIM3_IER
	  D:005284H        SYMBOL             TIM3_DER
	  D:005283H        SYMBOL             TIM3_ETR
	  D:005282H        SYMBOL             TIM3_SMCR
	  D:005281H        SYMBOL             TIM3_CR2
	  D:005280H        SYMBOL             TIM3_CR1
	  D:005266H        SYMBOL             TIM2_OISR
	  D:005265H        SYMBOL             TIM2_BKR
	  D:005264H        SYMBOL             TIM2_CCR2L
	  D:005263H        SYMBOL             TIM2_CCR2H
	  D:005263H        SYMBOL             TIM2_CCR2
	  D:005262H        SYMBOL             TIM2_CCR1L
	  D:005261H        SYMBOL             TIM2_CCR1H
	  D:005261H        SYMBOL             TIM2_CCR1
	  D:005260H        SYMBOL             TIM2_ARRL
	  D:00525FH        SYMBOL             TIM2_ARRH
	  D:00525FH        SYMBOL             TIM2_ARR
	  D:00525EH        SYMBOL             TIM2_PSCR
	  D:00525DH        SYMBOL             TIM2_CNTRL
	  D:00525CH        SYMBOL             TIM2_CNTRH
	  D:00525CH        SYMBOL             TIM2_CNTR
	  D:00525BH        SYMBOL             TIM2_CCER1
	  D:00525AH        SYMBOL             TIM2_CCMR2
	  D:005259H        SYMBOL             TIM2_CCMR1
	  D:005258H        SYMBOL             TIM2_EGR
	  D:005257H        SYMBOL             TIM2_SR2
	  D:005256H        SYMBOL             TIM2_SR1
	  D:005255H        SYMBOL             TIM2_IER
	  D:005254H        SYMBOL             TIM2_DER
	  D:005253H        SYMBOL             TIM2_ETR
	  D:005252H        SYMBOL             TIM2_SMCR
	  D:005251H        SYMBOL             TIM2_CR2
	  D:005250H        SYMBOL             TIM2_CR1
	  D:00523AH        SYMBOL             USART1_PSCR
	  D:005239H        SYMBOL             USART1_GTR
	  D:005238H        SYMBOL             USART1_CR5
	  D:005237H        SYMBOL             USART1_CR4
	  D:005236H        SYMBOL             USART1_CR3
	  D:005235H        SYMBOL             USART1_CR2
	  D:005234H        SYMBOL             USART1_CR1
	  D:005233H        SYMBOL             USART1_BRR2
	  D:005232H        SYMBOL             USART1_BRR1
	  D:005231H        SYMBOL             USART1_DR
	  D:005230H        SYMBOL             USART1_SR
	  D:00521EH        SYMBOL             I2C1_PECR
	  D:00521DH        SYMBOL             I2C1_TRISER
	  D:00521CH        SYMBOL             I2C1_CCRH
	  D:00521BH        SYMBOL             I2C1_CCRL
	  D:00521AH        SYMBOL             I2C1_ITR
	  D:005219H        SYMBOL             I2C1_SR3
	  D:005218H        SYMBOL             I2C1_SR2
	  D:005217H        SYMBOL             I2C1_SR1
	  D:005216H        SYMBOL             I2C1_DR
	  D:005214H        SYMBOL             I2C1_OARH
	  D:005213H        SYMBOL             I2C1_OARL
	  D:005212H        SYMBOL             I2C1_FREQR
	  D:005211H        SYMBOL             I2C1_CR2
	  D:005210H        SYMBOL             I2C1_CR1
	  D:005207H        SYMBOL             SPI1_TXCRCR
	  D:005206H        SYMBOL             SPI1_RXCRCR
	  D:005205H        SYMBOL             SPI1_CRCPR
	  D:005204H        SYMBOL             SPI1_DR
	  D:005203H        SYMBOL             SPI1_SR
	  D:005202H        SYMBOL             SPI1_ICR
	  D:005201H        SYMBOL             SPI1_CR2
	  D:005200H        SYMBOL             SPI1_CR1
	  D:00515FH        SYMBOL             RTC_ALRMAR4
	  D:00515EH        SYMBOL             RTC_ALRMAR3
	  D:00515DH        SYMBOL             RTC_ALRMAR2
	  D:00515CH        SYMBOL             RTC_ALRMAR1
	  D:005159H        SYMBOL             RTC_WPR
	  D:005155H        SYMBOL             RTC_WUTRL
	  D:005154H        SYMBOL             RTC_WUTRH
	  D:005154H        SYMBOL             RTC_WUTR
	  D:005152H        SYMBOL             RTC_APRER
	  D:005151H        SYMBOL             RTC_SPRERL
	  D:005150H        SYMBOL             RTC_SPRERH
	  D:005150H        SYMBOL             RTC_SPRER
	  D:00514DH        SYMBOL             RTC_ISR2
	  D:00514CH        SYMBOL             RTC_ISR1
	  D:00514AH        SYMBOL             RTC_CR3
	  D:005149H        SYMBOL             RTC_CR2
	  D:005148H        SYMBOL             RTC_CR1
	  D:005146H        SYMBOL             RTC_DR3
	  D:005145H        SYMBOL             RTC_DR2
	  D:005144H        SYMBOL             RTC_DR1
	  D:005142H        SYMBOL             RTC_TR3
	  D:005141H        SYMBOL             RTC_TR2
	  D:005140H        SYMBOL             RTC_TR1
	  D:0050F3H        SYMBOL             BEEP_CSR2
	  D:0050F0H        SYMBOL             BEEP_CSR1
	  D:0050E2H        SYMBOL             IWDG_RLR
	  D:0050E1H        SYMBOL             IWDG_PR
	  D:0050E0H        SYMBOL             IWDG_KR
	  D:0050D4H        SYMBOL             WWDG_WR
	  D:0050D3H        SYMBOL             WWDG_CR
	  D:0050CFH        SYMBOL             CLK_REGCSR
	  D:0050CEH        SYMBOL             CLK_HSIUNLCKR
	  D:0050CDH        SYMBOL             CLK_HSITRIMR
	  D:0050CCH        SYMBOL             CLK_HSICALR
	  D:0050CBH        SYMBOL             CLK_CBEEPR
	  D:0050CAH        SYMBOL             CLK_CSSR
	  D:0050C9H        SYMBOL             CLK_SWCR
	  D:0050C8H        SYMBOL             CLK_SWR
	  D:0050C7H        SYMBOL             CLK_SCSR
	  D:0050C6H        SYMBOL             CLK_ECKCR
	  D:0050C5H        SYMBOL             CLK_CCOR
	  D:0050C4H        SYMBOL             CLK_PCKENR2
	  D:0050C3H        SYMBOL             CLK_PCKENR1
	  D:0050C2H        SYMBOL             CLK_ICKCR
	  D:0050C1H        SYMBOL             CLK_CRTCR
	  D:0050C0H        SYMBOL             CLK_CKDIVR
	  D:0050B3H        SYMBOL             PWR_CSR2
	  D:0050B2H        SYMBOL             PWR_CSR1
	  D:0050B1H        SYMBOL             RST_SR
	  D:0050B0H        SYMBOL             RST_CR
	  D:0050A8H        SYMBOL             WFE_CR3
	  D:0050A7H        SYMBOL             WFE_CR2
	  D:0050A6H        SYMBOL             WFE_CR1
	  D:0050A5H        SYMBOL             EXTI_CONF
	  D:0050A4H        SYMBOL             EXTI_SR2
	  D:0050A3H        SYMBOL             EXTI_SR1
	  D:0050A2H        SYMBOL             EXTI_CR3
	  D:0050A1H        SYMBOL             EXTI_CR2
	  D:0050A0H        SYMBOL             EXTI_CR1
	  D:00509FH        SYMBOL             SYSCFG_RMPCR2
	  D:00509EH        SYMBOL             SYSCFG_RMPCR1
	  D:00509AH        SYMBOL             DMA1_C3M0ARL
	  D:005099H        SYMBOL             DMA1_C3M0ARH
	  D:005099H        SYMBOL             DMA1_C3M0AR
	  D:005097H        SYMBOL             DMA1_C3PARL_C3M1ARL
	  D:005096H        SYMBOL             DMA1_C3PARH_C3M1ARH
	  D:005096H        SYMBOL             DMA1_C3PAR_C3M1AR
	  D:005095H        SYMBOL             DMA1_C3NDTR
	  D:005094H        SYMBOL             DMA1_C3SPR
	  D:005093H        SYMBOL             DMA1_C3CR
	  D:005090H        SYMBOL             DMA1_C2M0ARL
	  D:00508FH        SYMBOL             DMA1_C2M0ARH
	  D:00508FH        SYMBOL             DMA1_C2M0AR
	  D:00508DH        SYMBOL             DMA1_C2PARL
	  D:00508CH        SYMBOL             DMA1_C2PARH
	  D:00508CH        SYMBOL             DMA1_C2PAR
	  D:00508BH        SYMBOL             DMA1_C2NDTR
	  D:00508AH        SYMBOL             DMA1_C2SPR
	  D:005089H        SYMBOL             DMA1_C2CR
	  D:005086H        SYMBOL             DMA1_C1M0ARL
	  D:005085H        SYMBOL             DMA1_C1M0ARH
	  D:005085H        SYMBOL             DMA1_C1M0AR
	  D:005083H        SYMBOL             DMA1_C1PARL
	  D:005082H        SYMBOL             DMA1_C1PARH
	  D:005082H        SYMBOL             DMA1_C1PAR
	  D:005081H        SYMBOL             DMA1_C1NDTR
	  D:005080H        SYMBOL             DMA1_C1SPR
	  D:00507FH        SYMBOL             DMA1_C1CR
	  D:00507CH        SYMBOL             DMA1_C0M0ARL
	  D:00507BH        SYMBOL             DMA1_C0M0ARH
	  D:00507BH        SYMBOL             DMA1_C0M0AR
	  D:005079H        SYMBOL             DMA1_C0PARL
	  D:005078H        SYMBOL             DMA1_C0PARH
	  D:005078H        SYMBOL             DMA1_C0PAR
	  D:005077H        SYMBOL             DMA1_C0NDTR
	  D:005076H        SYMBOL             DMA1_C0SPR
	  D:005075H        SYMBOL             DMA1_C0CR
	  D:005071H        SYMBOL             DMA1_GIR1
	  D:005070H        SYMBOL             DMA1_GCSR
	  D:005054H        SYMBOL             FLASH_IAPSR
	  D:005053H        SYMBOL             FLASH_DUKR
	  D:005052H        SYMBOL             FLASH_PUKR
[...]
	  T:000000H        SYMBOL             WORD
	  T:000000H        SYMBOL             DWORD
	  T:000000H        SYMBOL             _fctptr_t
	  D:007F77H        SYMBOL             ITC_SPR8
	  D:007F76H        SYMBOL             ITC_SPR7
	  D:007F75H        SYMBOL             ITC_SPR6
	  D:007F74H        SYMBOL             ITC_SPR5
	  D:007F73H        SYMBOL             ITC_SPR4
	  D:007F72H        SYMBOL             ITC_SPR3
	  D:007F71H        SYMBOL             ITC_SPR2
	  D:007F70H        SYMBOL             ITC_SPR1
	  D:007F60H        SYMBOL             CFG_GCR
	  D:005444H        SYMBOL             COMP_CSR5
	  D:005443H        SYMBOL             COMP_CSR4
	  D:005442H        SYMBOL             COMP_CSR3
	  D:005441H        SYMBOL             COMP_CSR2
	  D:005440H        SYMBOL             COMP_CSR1
	  D:00543FH        SYMBOL             RI_RCR
	  D:00543EH        SYMBOL             RI_ASCR2
	  D:00543DH        SYMBOL             RI_ASCR1
	  D:00543CH        SYMBOL             RI_IOGCR
	  D:00543BH        SYMBOL             RI_IOSR3
	  D:00543AH        SYMBOL             RI_IOSR2
	  D:005439H        SYMBOL             RI_IOSR1
	  D:005438H        SYMBOL             RI_IOCMR3
	  D:005437H        SYMBOL             RI_IOCMR2
	  D:005436H        SYMBOL             RI_IOCMR1
	  D:005435H        SYMBOL             RI_IOIR3
	  D:005434H        SYMBOL             RI_IOIR2
	  D:005433H        SYMBOL             RI_IOIR1
	  D:005432H        SYMBOL             RI_ICR2
	  D:005431H        SYMBOL             RI_ICR1
	  D:0053ADH        SYMBOL             DAC_DORL
	  D:0053ACH        SYMBOL             DAC_DORH
	  D:0053ACH        SYMBOL             DAC_DOR
	  D:005390H        SYMBOL             DAC_DHR8
	  D:00538DH        SYMBOL             DAC_LDHRL
	  D:00538CH        SYMBOL             DAC_LDHRH
	  D:00538CH        SYMBOL             DAC_LDHR
	  D:005389H        SYMBOL             DAC_RDHRL
	  D:005388H        SYMBOL             DAC_RDHRH
	  D:005388H        SYMBOL             DAC_RDHR
	  D:005385H        SYMBOL             DAC_SR
	  D:005384H        SYMBOL             DAC_SWTRIGR
	  D:005381H        SYMBOL             DAC_CR2
	  D:005380H        SYMBOL             DAC_CR1
	  D:005351H        SYMBOL             ADC1_TRIGR4
	  D:005350H        SYMBOL             ADC1_TRIGR3
	  D:00534FH        SYMBOL             ADC1_TRIGR2
	  D:00534EH        SYMBOL             ADC1_TRIGR1
	  D:00534DH        SYMBOL             ADC1_SQR4
	  D:00534CH        SYMBOL             ADC1_SQR3
	  D:00534BH        SYMBOL             ADC1_SQR2
	  D:00534AH        SYMBOL             ADC1_SQR1
	  D:005349H        SYMBOL             ADC1_LTRL
	  D:005348H        SYMBOL             ADC1_LTRH
	  D:005348H        SYMBOL             ADC1_LTR
	  D:005347H        SYMBOL             ADC1_HTRL
	  D:005346H        SYMBOL             ADC1_HTRH
	  D:005346H        SYMBOL             ADC1_HTR
	  D:005345H        SYMBOL             ADC1_DRL
	  D:005344H        SYMBOL             ADC1_DRH
	  D:005344H        SYMBOL             ADC1_DR
	  D:005343H        SYMBOL             ADC1_SR
	  D:005342H        SYMBOL             ADC1_CR3
	  D:005341H        SYMBOL             ADC1_CR2
	  D:005340H        SYMBOL             ADC1_CR1
	  D:0052FFH        SYMBOL             IR_CR
	  D:0052E9H        SYMBOL             TIM4_ARR
	  D:0052E8H        SYMBOL             TIM4_PSCR
	  D:0052E7H        SYMBOL             TIM4_CNTR
	  D:0052E6H        SYMBOL             TIM4_EGR
	  D:0052E5H        SYMBOL             TIM4_SR1
	  D:0052E4H        SYMBOL             TIM4_IER
	  D:0052E3H        SYMBOL             TIM4_DER
	  D:0052E2H        SYMBOL             TIM4_SMCR
	  D:0052E1H        SYMBOL             TIM4_CR2
	  D:0052E0H        SYMBOL             TIM4_CR1
	  D:0052D3H        SYMBOL             TIM1_DMAR
	  D:0052D2H        SYMBOL             TIM1_DCR2
	  D:0052D1H        SYMBOL             TIM1_DCR1
	  D:0052D0H        SYMBOL             TIM1_OISR
	  D:0052CFH        SYMBOL             TIM1_DTR
	  D:0052CEH        SYMBOL             TIM1_BKR
	  D:0052CDH        SYMBOL             TIM1_CCR4L
	  D:0052CCH        SYMBOL             TIM1_CCR4H
	  D:0052CCH        SYMBOL             TIM1_CCR4
	  D:0052CBH        SYMBOL             TIM1_CCR3L
	  D:0052CAH        SYMBOL             TIM1_CCR3H
	  D:0052CAH        SYMBOL             TIM1_CCR3
	  D:0052C9H        SYMBOL             TIM1_CCR2L
	  D:0052C8H        SYMBOL             TIM1_CCR2H
	  D:0052C8H        SYMBOL             TIM1_CCR2
	  D:0052C7H        SYMBOL             TIM1_CCR1L
	  D:0052C6H        SYMBOL             TIM1_CCR1H
	  D:0052C6H        SYMBOL             TIM1_CCR1
	  D:0052C5H        SYMBOL             TIM1_RCR
	  D:0052C4H        SYMBOL             TIM1_ARRL
	  D:0052C3H        SYMBOL             TIM1_ARRH
	  D:0052C3H        SYMBOL             TIM1_ARR
	  D:0052C2H        SYMBOL             TIM1_PSCRL
	  D:0052C1H        SYMBOL             TIM1_PSCRH
	  D:0052C1H        SYMBOL             TIM1_PSCR
	  D:0052C0H        SYMBOL             TIM1_CNTRL
	  D:0052BFH        SYMBOL             TIM1_CNTRH
	  D:0052BFH        SYMBOL             TIM1_CNTR
	  D:0052BEH        SYMBOL             TIM1_CCER2
	  D:0052BDH        SYMBOL             TIM1_CCER1
	  D:0052BCH        SYMBOL             TIM1_CCMR4
	  D:0052BBH        SYMBOL             TIM1_CCMR3
	  D:0052BAH        SYMBOL             TIM1_CCMR2
	  D:0052B9H        SYMBOL             TIM1_CCMR1
	  D:0052B8H        SYMBOL             TIM1_EGR
	  D:0052B7H        SYMBOL             TIM1_SR2
	  D:0052B6H        SYMBOL             TIM1_SR1
	  D:0052B5H        SYMBOL             TIM1_IER
	  D:0052B4H        SYMBOL             TIM1_DER
	  D:0052B3H        SYMBOL             TIM1_ETR
	  D:0052B2H        SYMBOL             TIM1_SMCR
	  D:0052B1H        SYMBOL             TIM1_CR2
	  D:0052B0H        SYMBOL             TIM1_CR1
	  D:005296H        SYMBOL             TIM3_OISR
	  D:005295H        SYMBOL             TIM3_BKR
	  D:005294H        SYMBOL             TIM3_CCR2L
	  D:005293H        SYMBOL             TIM3_CCR2H
	  D:005293H        SYMBOL             TIM3_CCR2
	  D:005292H        SYMBOL             TIM3_CCR1L
	  D:005291H        SYMBOL             TIM3_CCR1H
	  D:005291H        SYMBOL             TIM3_CCR1
	  D:005290H        SYMBOL             TIM3_ARRL
	  D:00528FH        SYMBOL             TIM3_ARRH
	  D:00528FH        SYMBOL             TIM3_ARR
	  D:00528EH        SYMBOL             TIM3_PSCR
	  D:00528DH        SYMBOL             TIM3_CNTRL
	  D:00528CH        SYMBOL             TIM3_CNTRH
	  D:00528CH        SYMBOL             TIM3_CNTR
	  D:00528BH        SYMBOL             TIM3_CCER1
	  D:00528AH        SYMBOL             TIM3_CCMR2
	  D:005289H        SYMBOL             TIM3_CCMR1
	  D:005288H        SYMBOL             TIM3_EGR
	  D:005287H        SYMBOL             TIM3_SR2
	  D:005286H        SYMBOL             TIM3_SR1
	  D:005285H        SYMBOL             TIM3_IER
	  D:005284H        SYMBOL             TIM3_DER
	  D:005283H        SYMBOL             TIM3_ETR
	  D:005282H        SYMBOL             TIM3_SMCR
	  D:005281H        SYMBOL             TIM3_CR2
	  D:005280H        SYMBOL             TIM3_CR1
	  D:005266H        SYMBOL             TIM2_OISR
	  D:005265H        SYMBOL             TIM2_BKR
	  D:005264H        SYMBOL             TIM2_CCR2L
	  D:005263H        SYMBOL             TIM2_CCR2H
	  D:005263H        SYMBOL             TIM2_CCR2
	  D:005262H        SYMBOL             TIM2_CCR1L
	  D:005261H        SYMBOL             TIM2_CCR1H
	  D:005261H        SYMBOL             TIM2_CCR1
	  D:005260H        SYMBOL             TIM2_ARRL
	  D:00525FH        SYMBOL             TIM2_ARRH
	  D:00525FH        SYMBOL             TIM2_ARR
	  D:00525EH        SYMBOL             TIM2_PSCR
	  D:00525DH        SYMBOL             TIM2_CNTRL
	  D:00525CH        SYMBOL             TIM2_CNTRH
	  D:00525CH        SYMBOL             TIM2_CNTR
	  D:00525BH        SYMBOL             TIM2_CCER1
	  D:00525AH        SYMBOL             TIM2_CCMR2
	  D:005259H        SYMBOL             TIM2_CCMR1
	  D:005258H        SYMBOL             TIM2_EGR
	  D:005257H        SYMBOL             TIM2_SR2
	  D:005256H        SYMBOL             TIM2_SR1
	  D:005255H        SYMBOL             TIM2_IER
	  D:005254H        SYMBOL             TIM2_DER
	  D:005253H        SYMBOL             TIM2_ETR
	  D:005252H        SYMBOL             TIM2_SMCR
	  D:005251H        SYMBOL             TIM2_CR2
	  D:005250H        SYMBOL             TIM2_CR1
	  D:00523AH        SYMBOL             USART1_PSCR
	  D:005239H        SYMBOL             USART1_GTR
	  D:005238H        SYMBOL             USART1_CR5
	  D:005237H        SYMBOL             USART1_CR4
	  D:005236H        SYMBOL             USART1_CR3
	  D:005235H        SYMBOL             USART1_CR2
	  D:005234H        SYMBOL             USART1_CR1
	  D:005233H        SYMBOL             USART1_BRR2
	  D:005232H        SYMBOL             USART1_BRR1
	  D:005231H        SYMBOL             USART1_DR
	  D:005230H        SYMBOL             USART1_SR
	  D:00521EH        SYMBOL             I2C1_PECR
	  D:00521DH        SYMBOL             I2C1_TRISER
	  D:00521CH        SYMBOL             I2C1_CCRH
	  D:00521BH        SYMBOL             I2C1_CCRL
	  D:00521AH        SYMBOL             I2C1_ITR
	  D:005219H        SYMBOL             I2C1_SR3
	  D:005218H        SYMBOL             I2C1_SR2
	  D:005217H        SYMBOL             I2C1_SR1
	  D:005216H        SYMBOL             I2C1_DR
	  D:005214H        SYMBOL             I2C1_OARH
	  D:005213H        SYMBOL             I2C1_OARL
	  D:005212H        SYMBOL             I2C1_FREQR
	  D:005211H        SYMBOL             I2C1_CR2
	  D:005210H        SYMBOL             I2C1_CR1
	  D:005207H        SYMBOL             SPI1_TXCRCR
	  D:005206H        SYMBOL             SPI1_RXCRCR
	  D:005205H        SYMBOL             SPI1_CRCPR
	  D:005204H        SYMBOL             SPI1_DR
	  D:005203H        SYMBOL             SPI1_SR
	  D:005202H        SYMBOL             SPI1_ICR
	  D:005201H        SYMBOL             SPI1_CR2
	  D:005200H        SYMBOL             SPI1_CR1
	  D:00515FH        SYMBOL             RTC_ALRMAR4
	  D:00515EH        SYMBOL             RTC_ALRMAR3
	  D:00515DH        SYMBOL             RTC_ALRMAR2
	  D:00515CH        SYMBOL             RTC_ALRMAR1
	  D:005159H        SYMBOL             RTC_WPR
	  D:005155H        SYMBOL             RTC_WUTRL
	  D:005154H        SYMBOL             RTC_WUTRH
	  D:005154H        SYMBOL             RTC_WUTR
	  D:005152H        SYMBOL             RTC_APRER
	  D:005151H        SYMBOL             RTC_SPRERL
	  D:005150H        SYMBOL             RTC_SPRERH
	  D:005150H        SYMBOL             RTC_SPRER
	  D:00514DH        SYMBOL             RTC_ISR2
	  D:00514CH        SYMBOL             RTC_ISR1
	  D:00514AH        SYMBOL             RTC_CR3
	  D:005149H        SYMBOL             RTC_CR2
	  D:005148H        SYMBOL             RTC_CR1
	  D:005146H        SYMBOL             RTC_DR3
	  D:005145H        SYMBOL             RTC_DR2
	  D:005144H        SYMBOL             RTC_DR1
	  D:005142H        SYMBOL             RTC_TR3
	  D:005141H        SYMBOL             RTC_TR2
	  D:005140H        SYMBOL             RTC_TR1
	  D:0050F3H        SYMBOL             BEEP_CSR2
	  D:0050F0H        SYMBOL             BEEP_CSR1
	  D:0050E2H        SYMBOL             IWDG_RLR
	  D:0050E1H        SYMBOL             IWDG_PR
	  D:0050E0H        SYMBOL             IWDG_KR
	  D:0050D4H        SYMBOL             WWDG_WR
	  D:0050D3H        SYMBOL             WWDG_CR
	  D:0050CFH        SYMBOL             CLK_REGCSR
	  D:0050CEH        SYMBOL             CLK_HSIUNLCKR
	  D:0050CDH        SYMBOL             CLK_HSITRIMR
	  D:0050CCH        SYMBOL             CLK_HSICALR
	  D:0050CBH        SYMBOL             CLK_CBEEPR
	  D:0050CAH        SYMBOL             CLK_CSSR
	  D:0050C9H        SYMBOL             CLK_SWCR
	  D:0050C8H        SYMBOL             CLK_SWR
	  D:0050C7H        SYMBOL             CLK_SCSR
	  D:0050C6H        SYMBOL             CLK_ECKCR
	  D:0050C5H        SYMBOL             CLK_CCOR
	  D:0050C4H        SYMBOL             CLK_PCKENR2
	  D:0050C3H        SYMBOL             CLK_PCKENR1
	  D:0050C2H        SYMBOL             CLK_ICKCR
	  D:0050C1H        SYMBOL             CLK_CRTCR
	  D:0050C0H        SYMBOL             CLK_CKDIVR
	  D:0050B3H        SYMBOL             PWR_CSR2
	  D:0050B2H        SYMBOL             PWR_CSR1
	  D:0050B1H        SYMBOL             RST_SR
	  D:0050B0H        SYMBOL             RST_CR
	  D:0050A8H        SYMBOL             WFE_CR3
	  D:0050A7H        SYMBOL             WFE_CR2
	  D:0050A6H        SYMBOL             WFE_CR1
	  D:0050A5H        SYMBOL             EXTI_CONF
	  D:0050A4H        SYMBOL             EXTI_SR2
	  D:0050A3H        SYMBOL             EXTI_SR1
	  D:0050A2H        SYMBOL             EXTI_CR3
	  D:0050A1H        SYMBOL             EXTI_CR2
	  D:0050A0H        SYMBOL             EXTI_CR1
	  D:00509FH        SYMBOL             SYSCFG_RMPCR2
	  D:00509EH        SYMBOL             SYSCFG_RMPCR1
	  D:00509AH        SYMBOL             DMA1_C3M0ARL
	  D:005099H        SYMBOL             DMA1_C3M0ARH
	  D:005099H        SYMBOL             DMA1_C3M0AR
	  D:005097H        SYMBOL             DMA1_C3PARL_C3M1ARL
	  D:005096H        SYMBOL             DMA1_C3PARH_C3M1ARH
	  D:005096H        SYMBOL             DMA1_C3PAR_C3M1AR
	  D:005095H        SYMBOL             DMA1_C3NDTR
	  D:005094H        SYMBOL             DMA1_C3SPR
	  D:005093H        SYMBOL             DMA1_C3CR
	  D:005090H        SYMBOL             DMA1_C2M0ARL
	  D:00508FH        SYMBOL             DMA1_C2M0ARH
	  D:00508FH        SYMBOL             DMA1_C2M0AR
	  D:00508DH        SYMBOL             DMA1_C2PARL
	  D:00508CH        SYMBOL             DMA1_C2PARH
	  D:00508CH        SYMBOL             DMA1_C2PAR
	  D:00508BH        SYMBOL             DMA1_C2NDTR
	  D:00508AH        SYMBOL             DMA1_C2SPR
	  D:005089H        SYMBOL             DMA1_C2CR
	  D:005086H        SYMBOL             DMA1_C1M0ARL
	  D:005085H        SYMBOL             DMA1_C1M0ARH
	  D:005085H        SYMBOL             DMA1_C1M0AR
	  D:005083H        SYMBOL             DMA1_C1PARL
	  D:005082H        SYMBOL             DMA1_C1PARH
	  D:005082H        SYMBOL             DMA1_C1PAR
	  D:005081H        SYMBOL             DMA1_C1NDTR
	  D:005080H        SYMBOL             DMA1_C1SPR
	  D:00507FH        SYMBOL             DMA1_C1CR
	  D:00507CH        SYMBOL             DMA1_C0M0ARL
	  D:00507BH        SYMBOL             DMA1_C0M0ARH
	  D:00507BH        SYMBOL             DMA1_C0M0AR
	  D:005079H        SYMBOL             DMA1_C0PARL
	  D:005078H        SYMBOL             DMA1_C0PARH
	  D:005078H        SYMBOL             DMA1_C0PAR
	  D:005077H        SYMBOL             DMA1_C0NDTR
	  D:005076H        SYMBOL             DMA1_C0SPR
	  D:005075H        SYMBOL             DMA1_C0CR
	  D:005071H        SYMBOL             DMA1_GIR1
	  D:005070H        SYMBOL             DMA1_GCSR
	  D:005054H        SYMBOL             FLASH_IAPSR
	  D:005053H        SYMBOL             FLASH_DUKR
	  D:005052H        SYMBOL             FLASH_PUKR
	  D:005051H        SYMBOL             FLASH_CR2
	  D:005050H        SYMBOL             FLASH_CR1
	  D:00501DH        SYMBOL             PF_CR2
	  D:00501CH        SYMBOL             PF_CR1
	  D:00501BH        SYMBOL             PF_DDR
	  D:00501AH        SYMBOL             PF_IDR
	  D:005019H        SYMBOL             PF_ODR
	  D:005018H        SYMBOL             PE_CR2
	  D:005017H        SYMBOL             PE_CR1
	  D:005016H        SYMBOL             PE_DDR
	  D:005015H        SYMBOL             PE_IDR
	  D:005014H        SYMBOL             PE_ODR
	  D:005013H        SYMBOL             PD_CR2
	  D:005012H        SYMBOL             PD_CR1
	  D:005011H        SYMBOL             PD_DDR
	  D:005010H        SYMBOL             PD_IDR
	  D:00500FH        SYMBOL             PD_ODR
	  D:00500EH        SYMBOL             PC_CR2
	  D:00500DH        SYMBOL             PC_CR1
	  D:00500CH        SYMBOL             PC_DDR
	  D:00500BH        SYMBOL             PC_IDR
	  D:00500AH        SYMBOL             PC_ODR
	  D:005009H        SYMBOL             PB_CR2
	  D:005008H        SYMBOL             PB_CR1
	  D:005007H        SYMBOL             PB_DDR
	  D:005006H        SYMBOL             PB_IDR
	  D:005005H        SYMBOL             PB_ODR
	  D:005004H        SYMBOL             PA_CR2
	  D:005003H        SYMBOL             PA_CR1
	  D:005002H        SYMBOL             PA_DDR
	  D:005001H        SYMBOL             PA_IDR
	  D:005000H        SYMBOL             PA_ODR
	  N:000FFEH        SYMBOL             _ICE_DUMMY_
	----------         PROC-ST7           ?PR??INITTIM2?TIMERS
	  C:008315H        LINE#              14
	  C:008315H        LINE#              17
	  C:008319H        LINE#              18
	  C:00831DH        LINE#              19
	  C:008321H        LINE#              22
	  C:008325H        LINE#              23
	  C:008329H        LINE#              24
	  C:00832DH        LINE#              25
	  C:008331H        LINE#              27
	----------         ENDPROC-ST7        
	----------         PROC-ST7           ?PR??TIM2OVF_ISR?TIMERS
	  C:00834BH        LINE#              29
	  C:00834EH        LINE#              31
	  C:00835AH        LINE#              32
	  C:00835FH        LINE#              34
	----------         ENDPROC-ST7        
	----------         PROC-ST7           ?PR??INITTIM3?TIMERS
	  C:00837EH        LINE#              35
	  C:00837EH        LINE#              50
	----------         ENDPROC-ST7        
	----------         PROC-ST7           ?PR??UPDATETIM3?TIMERS
	  C:00837FH        LINE#              52
	  C:00837FH        LINE#              58
	----------         ENDPROC-ST7        
	----------         EndModule-ST7      
	----------         TranslatorMod-ST7  REGISTERS
	  D:000024H        PUBLIC             ?BH
	  D:000026H        PUBLIC             ?CH
	  D:000025H        PUBLIC             ?BL
	  D:000027H        PUBLIC             ?CL
	----------         EndModule-ST7      
	----------         TranslatorMod-ST7  INITDATA
	  C:008063H        PUBLIC             ?C?InitData
	----------         PROC-ST7           
	----------         ENDPROC-ST7        
	----------         EndModule-ST7      
	----------         TranslatorMod-ST7  ?STATINIT
	  C:00804FH        PUBLIC             ?C_INITSEGSTART
	----------         PROC-ST7           
	----------         ENDPROC-ST7        
	----------         EndModule-ST7      

================================================================================
PROJECT CALL TREE FOR DEBUG\CURRGEN_V01.AOF(MAIN)
--------------------------------------------------------------------------------
 *** means CALL
 ... means JMP
  KC means 'Known local stack consumption'.
  TO means 'Total stack consumption from the entry point'.
 Remarks:
     1. Values are in HEXADECIMAL format.
     2. SP can be modified by temporary 'PUSH-POP' sequences.
     3. SP is computed starting from its 'original value' for interrupt/trap..
 Displayed stack consumption may be under estimated.
 The real value depends on interrupt priorities. It can be checked
 using the dynamic analysis in the simulator environment.
--------------------------------------------------------------------------------
Initial SP: 07FF
--------------------------------------------------------------------------------
?TIM2OVF_ISR..............................................SP=07F8 KC=000 TO=0007
================================================================================

MAX STACK LEVEL : 1
-------------------


----------------------
SUGGESTED OPTIMIZATION
----------------------
Warning: 215 (D7H) data bytes in the range [00H-FFH] are available for storage.
         Consider using some of these for 'page0' variables in your source files.


LINK/LOCATE RUN COMPLETE,  NO ERROR FOUND.