###############################################################################
#
# IAR ELF Linker V3.11.1.207 for STM8                     13/Mar/2020  10:08:26
# Copyright 2010-2019 IAR Systems AB.
#
#    Output file  =  
#        D:\Projects\Lab
#        equipment\Current-generator\FW_STM8L_IAR\Debug\Exe\currgen.out
#    Map file     =  
#        D:\Projects\Lab
#        equipment\Current-generator\FW_STM8L_IAR\Debug\List\currgen.map
#    Command line =  
#        -f C:\Users\PC_86\AppData\Local\Temp\EWAC4D.tmp ("D:\Projects\Lab
#        equipment\Current-generator\FW_STM8L_IAR\Debug\Obj\dac.o"
#        "D:\Projects\Lab
#        equipment\Current-generator\FW_STM8L_IAR\Debug\Obj\eep.o"
#        "D:\Projects\Lab
#        equipment\Current-generator\FW_STM8L_IAR\Debug\Obj\eeprom.o"
#        "D:\Projects\Lab
#        equipment\Current-generator\FW_STM8L_IAR\Debug\Obj\gpio_interface.o"
#        "D:\Projects\Lab
#        equipment\Current-generator\FW_STM8L_IAR\Debug\Obj\main.o"
#        "D:\Projects\Lab
#        equipment\Current-generator\FW_STM8L_IAR\Debug\Obj\spi_interface.o"
#        "D:\Projects\Lab
#        equipment\Current-generator\FW_STM8L_IAR\Debug\Obj\stm8l15x_adc.o"
#        "D:\Projects\Lab
#        equipment\Current-generator\FW_STM8L_IAR\Debug\Obj\stm8l15x_aes.o"
#        "D:\Projects\Lab
#        equipment\Current-generator\FW_STM8L_IAR\Debug\Obj\stm8l15x_beep.o"
#        "D:\Projects\Lab
#        equipment\Current-generator\FW_STM8L_IAR\Debug\Obj\stm8l15x_clk.o"
#        "D:\Projects\Lab
#        equipment\Current-generator\FW_STM8L_IAR\Debug\Obj\stm8l15x_comp.o"
#        "D:\Projects\Lab
#        equipment\Current-generator\FW_STM8L_IAR\Debug\Obj\stm8l15x_dac.o"
#        "D:\Projects\Lab
#        equipment\Current-generator\FW_STM8L_IAR\Debug\Obj\stm8l15x_dma.o"
#        "D:\Projects\Lab
#        equipment\Current-generator\FW_STM8L_IAR\Debug\Obj\stm8l15x_exti.o"
#        "D:\Projects\Lab
#        equipment\Current-generator\FW_STM8L_IAR\Debug\Obj\stm8l15x_flash.o"
#        "D:\Projects\Lab
#        equipment\Current-generator\FW_STM8L_IAR\Debug\Obj\stm8l15x_gpio.o"
#        "D:\Projects\Lab
#        equipment\Current-generator\FW_STM8L_IAR\Debug\Obj\stm8l15x_i2c.o"
#        "D:\Projects\Lab
#        equipment\Current-generator\FW_STM8L_IAR\Debug\Obj\stm8l15x_irtim.o"
#        "D:\Projects\Lab
#        equipment\Current-generator\FW_STM8L_IAR\Debug\Obj\stm8l15x_it.o"
#        "D:\Projects\Lab
#        equipment\Current-generator\FW_STM8L_IAR\Debug\Obj\stm8l15x_itc.o"
#        "D:\Projects\Lab
#        equipment\Current-generator\FW_STM8L_IAR\Debug\Obj\stm8l15x_iwdg.o"
#        "D:\Projects\Lab
#        equipment\Current-generator\FW_STM8L_IAR\Debug\Obj\stm8l15x_lcd.o"
#        "D:\Projects\Lab
#        equipment\Current-generator\FW_STM8L_IAR\Debug\Obj\stm8l15x_pwr.o"
#        "D:\Projects\Lab
#        equipment\Current-generator\FW_STM8L_IAR\Debug\Obj\stm8l15x_rst.o"
#        "D:\Projects\Lab
#        equipment\Current-generator\FW_STM8L_IAR\Debug\Obj\stm8l15x_rtc.o"
#        "D:\Projects\Lab
#        equipment\Current-generator\FW_STM8L_IAR\Debug\Obj\stm8l15x_spi.o"
#        "D:\Projects\Lab
#        equipment\Current-generator\FW_STM8L_IAR\Debug\Obj\stm8l15x_syscfg.o"
#        "D:\Projects\Lab
#        equipment\Current-generator\FW_STM8L_IAR\Debug\Obj\stm8l15x_tim1.o"
#        "D:\Projects\Lab
#        equipment\Current-generator\FW_STM8L_IAR\Debug\Obj\stm8l15x_tim2.o"
#        "D:\Projects\Lab
#        equipment\Current-generator\FW_STM8L_IAR\Debug\Obj\stm8l15x_tim3.o"
#        "D:\Projects\Lab
#        equipment\Current-generator\FW_STM8L_IAR\Debug\Obj\stm8l15x_tim4.o"
#        "D:\Projects\Lab
#        equipment\Current-generator\FW_STM8L_IAR\Debug\Obj\stm8l15x_tim5.o"
#        "D:\Projects\Lab
#        equipment\Current-generator\FW_STM8L_IAR\Debug\Obj\stm8l15x_usart.o"
#        "D:\Projects\Lab
#        equipment\Current-generator\FW_STM8L_IAR\Debug\Obj\stm8l15x_wfe.o"
#        "D:\Projects\Lab
#        equipment\Current-generator\FW_STM8L_IAR\Debug\Obj\stm8l15x_wwdg.o"
#        "D:\Projects\Lab
#        equipment\Current-generator\FW_STM8L_IAR\Debug\Obj\testmode.o"
#        "D:\Projects\Lab
#        equipment\Current-generator\FW_STM8L_IAR\Debug\Obj\uart_commands.o"
#        "D:\Projects\Lab
#        equipment\Current-generator\FW_STM8L_IAR\Debug\Obj\uart_interface.o"
#        --redirect _Printf=_PrintfFullNoMb --redirect _Scanf=_ScanfFullNoMb
#        --no_out_extension -o "D:\Projects\Lab
#        equipment\Current-generator\FW_STM8L_IAR\Debug\Exe\currgen.out" --map
#        "D:\Projects\Lab
#        equipment\Current-generator\FW_STM8L_IAR\Debug\List\currgen.map"
#        --config "C:\Program Files (x86)\IAR Systems\Embedded Workbench
#        8.3\stm8\config\lnkstm8l151k6.icf" --config_def _CSTACK_SIZE=0x100
#        --config_def _HEAP_SIZE=0x100 --entry __iar_program_start --debug_lib)
#
###############################################################################

*******************************************************************************
*** RUNTIME MODEL ATTRIBUTES
***

__SystemLibrary            = DLib
__code_model               = small
__core                     = stm8
__data_model               = medium
__dlib_file_descriptor     = 0
__dlib_full_locale_support = 0
__rt_version               = 4


*******************************************************************************
*** PLACEMENT SUMMARY
***

"A0":  place at start of [0x000000-0x0000ff] { rw section .vregs };
"A1":  place at end of [0x000000-0x0007ff] { block CSTACK };
"P2":  place in [from 0x000000 to 0x0007ff] {
          block HEAP, rw section __DLIB_PERTHREAD, rw section .far.bss,
          rw section .far.data, rw section .far.noinit,
          rw section .far_func.textrw, rw section .huge.bss,
          rw section .huge.data, rw section .huge.noinit,
          rw section .huge_func.textrw, rw section .iar.dynexit,
          rw section .near.bss, rw section .near.data, rw section .near.noinit,
          rw section .near_func.textrw };
"A2":  place at start of [0x008000-0x00ffff] { block INTVEC };
"P3":  place in [from 0x008000 to 0x00ffff] {
          ro section __DLIB_PERTHREAD_init, ro section .far.data_init,
          ro section .far_func.textrw_init, ro section .huge.data_init,
          ro section .huge_func.textrw_init, ro section .iar.init_table,
          ro section .init_array, ro section .near.data_init,
          ro section .near.rodata, ro section .near_func.text,
          ro section .near_func.textrw_init, ro section .tiny.data_init,
          ro section .tiny.rodata_init };
"P4":  place in [from 0x008000 to 0x00ffff] {
          ro section .far.rodata, ro section .far_func.text };
"P5":  place in [from 0x008000 to 0x00ffff] {
          ro section .huge.rodata, ro section .huge_func.text };
do not initialize {
   rw section .eeprom.noinit, rw section .far.noinit, rw section .huge.noinit,
   rw section .near.noinit, rw section .tiny.noinit, rw section .vregs };

No sections matched the following patterns:

  ro section .far.data_init          in "P3-P5"
  ro section .far.rodata             in "P3-P5"
  ro section .far_func.text          in "P3-P5"
  ro section .far_func.textrw_init   in "P3-P5"
  ro section .huge.data_init         in "P3-P5"
  ro section .huge.rodata            in "P3-P5"
  ro section .huge_func.text         in "P3-P5"
  ro section .huge_func.textrw_init  in "P3-P5"
  ro section .iar.init_table         in "P3-P5"
  ro section .init_array             in "P3-P5"
  ro section .near.data_init         in "P3-P5"
  ro section .near_func.textrw_init  in "P3-P5"
  ro section .tiny.data_init         in "P3-P5"
  ro section .tiny.rodata_init       in "P3-P5"
  ro section __DLIB_PERTHREAD_init   in "P3-P5"
  rw section .far.bss                in "P2"
  rw section .far.data               in "P2"
  rw section .far.noinit             in "P2"
  rw section .far_func.textrw        in "P2"
  rw section .huge.bss               in "P2"
  rw section .huge.data              in "P2"
  rw section .huge.noinit            in "P2"
  rw section .huge_func.textrw       in "P2"
  rw section .iar.dynexit            in "P2"
  rw section .near.data              in "P2"
  rw section .near.noinit            in "P2"
  rw section .near_func.textrw       in "P2"
  rw section .tiny.bss               in "P1"
  rw section .tiny.data              in "P1"
  rw section .tiny.noinit            in "P1"
  rw section .tiny.rodata            in "P1"
  rw section __DLIB_PERTHREAD        in "P2"
  section .eeprom.data               in "P6-P8"
  section .eeprom.noinit             in "P6-P8"
  section .eeprom.rodata             in "P6-P8"


  Section          Kind      Address   Size  Object
  -------          ----      -------   ----  ------
"A0":                                  0x10
  .vregs           uninit   0x000000   0x10  vregs.o [4]
                          - 0x000010   0x10

"P2":                                 0x113
  .near.bss        zero     0x000010   0x80  uart_interface.o [1]
  .near.bss        zero     0x000090   0x80  uart_interface.o [1]
  .near.bss        zero     0x000110    0x2  main.o [1]
  .near.bss        zero     0x000112    0x1  main.o [1]
  .near.bss        zero     0x000113    0x1  stm8l15x_it.o [1]
  .near.bss        zero     0x000114    0x1  stm8l15x_it.o [1]
  .near.bss        zero     0x000115    0x1  stm8l15x_it.o [1]
  .near.bss        zero     0x000116    0x1  stm8l15x_it.o [1]
  .near.bss        zero     0x000117    0x1  stm8l15x_it.o [1]
  .near.bss        zero     0x000118    0x1  testmode.o [1]
  .near.bss        zero     0x000119    0x1  testmode.o [1]
  .near.bss        zero     0x00011a    0x1  testmode.o [1]
  .near.bss        zero     0x00011b    0x1  testmode.o [1]
  .near.bss        zero     0x00011c    0x1  testmode.o [1]
  .near.bss        zero     0x00011d    0x1  testmode.o [1]
  .near.bss        zero     0x00011e    0x1  testmode.o [1]
  .near.bss        zero     0x00011f    0x1  uart_commands.o [1]
  .near.bss        zero     0x000120    0x1  uart_interface.o [1]
  .near.bss        zero     0x000121    0x1  uart_interface.o [1]
  .near.bss        zero     0x000122    0x1  uart_interface.o [1]
                          - 0x000123  0x113

"A1":                                 0x100
  CSTACK                    0x000700  0x100  <Block>
    CSTACK         uninit   0x000700  0x100  <Block tail>
                          - 0x000800  0x100

"A2":                                  0x80
  INTVEC                    0x008000   0x80  <Block>
    .intvec        const    0x008000   0x80  interrupt.o [4]
                          - 0x008080   0x80

"P3-P5":                              0xf63
  .near_func.text  ro code  0x008080  0x1c0  testmode.o [1]
  .near_func.text  ro code  0x008240  0x10d  stm8l15x_exti.o [1]
  .near_func.text  ro code  0x00834d   0xd8  gpio_interface.o [1]
  .near_func.text  ro code  0x008425   0xca  stm8l15x_usart.o [1]
  .near_func.text  ro code  0x0084ef   0xab  vreg_util.o [4]
  .near_func.text  ro code  0x00859a   0x98  stm8l15x_it.o [1]
  .near_func.text  ro code  0x008632   0x95  uart_commands.o [1]
  .near_func.text  ro code  0x0086c7   0x94  stm8l15x_usart.o [1]
  .near_func.text  ro code  0x00875b   0x8e  stm8l15x_gpio.o [1]
  .near_func.text  ro code  0x0087e9   0x89  stm8l15x_clk.o [1]
  .near_func.text  ro code  0x008872   0x76  main.o [1]
  .near_func.text  ro code  0x0088e8   0x72  stm8l15x_clk.o [1]
  .near_func.text  ro code  0x00895a   0x6d  long.o [4]
  .near_func.text  ro code  0x0089c7   0x55  stm8l15x_syscfg.o [1]
  .near_func.text  ro code  0x008a1c   0x4f  uart_interface.o [1]
  .near_func.text  ro code  0x008a6b   0x41  stm8l15x_clk.o [1]
  .near_func.text  ro code  0x008aac   0x41  stm8l15x_spi.o [1]
  .near_func.text  ro code  0x008aed   0x3e  uart_interface.o [1]
  .near_func.text  ro code  0x008b2b   0x3d  stm8l15x_rtc.o [1]
  .near_func.text  ro code  0x008b68   0x38  stm8l15x_rtc.o [1]
  .near_func.text  ro code  0x008ba0   0x37  main.o [1]
  .near_func.text  ro code  0x008bd7   0x33  uart_interface.o [1]
  .near_func.text  ro code  0x008c0a   0x29  spi_interface.o [1]
  .near_func.text  ro code  0x008c33   0x27  stm8l15x_usart.o [1]
  .near_func.text  ro code  0x008c5a   0x27  stm8l15x_usart.o [1]
  .near_func.text  ro code  0x008c81   0x23  stm8l15x_rtc.o [1]
  .near_func.text  ro code  0x008ca4   0x22  stm8l15x_usart.o [1]
  .near_func.text  ro code  0x008cc6   0x21  stm8l15x_exti.o [1]
  .near_func.text  ro code  0x008ce7   0x21  stm8l15x_it.o [1]
  .near_func.text  ro code  0x008d08   0x21  stm8l15x_tim4.o [1]
  .iar.init_table  const    0x008d29    0x8  - Linker created -
  .near_func.text  ro code  0x008d31   0x20  testmode.o [1]
  .near_func.text  ro code  0x008d51   0x1f  main.o [1]
  .near_func.text  ro code  0x008d70   0x1e  init_small.o [4]
  .near.rodata     const    0x008d8e   0x1c  uart_commands.o [1]
  .near_func.text  ro code  0x008daa   0x1c  long_util.o [4]
  .near_func.text  ro code  0x008dc6   0x1a  stm8l15x_spi.o [1]
  .near_func.text  ro code  0x008de0   0x1a  stm8l15x_tim4.o [1]
  .near_func.text  ro code  0x008dfa   0x19  stm8l15x_flash.o [1]
  .near_func.text  ro code  0x008e13   0x19  stm8l15x_it.o [1]
  .near_func.text  ro code  0x008e2c   0x17  main.o [1]
  .near_func.text  ro code  0x008e43   0x16  stm8l15x_it.o [1]
  .near_func.text  ro code  0x008e59   0x15  stm8l15x_rtc.o [1]
  .near_func.text  ro code  0x008e6e   0x14  init.o [4]
  .near_func.text  ro code  0x008e82   0x14  __dbg_xxexit.o [3]
  .near_func.text  ro code  0x008e96   0x13  uart_interface.o [1]
  .near_func.text  ro code  0x008ea9   0x13  cstartup.o [4]
  .near_func.text  ro code  0x008ebc   0x12  stm8l15x_gpio.o [1]
  .near_func.text  ro code  0x008ece   0x11  stm8l15x_tim4.o [1]
  .near_func.text  ro code  0x008edf    0xd  stm8l15x_clk.o [1]
  .near_func.text  ro code  0x008eec    0xd  stm8l15x_spi.o [1]
  .near_func.text  ro code  0x008ef9    0xd  stm8l15x_syscfg.o [1]
  .near_func.text  ro code  0x008f06    0xd  stm8l15x_tim4.o [1]
  .near_func.text  ro code  0x008f13    0xd  short.o [4]
  .near_func.text  ro code  0x008f20    0xc  gpio_interface.o [1]
  .near_func.text  ro code  0x008f2c    0xc  gpio_interface.o [1]
  .near_func.text  ro code  0x008f38    0xc  uart_interface.o [1]
  .near_func.text  ro code  0x008f44    0xb  stm8l15x_flash.o [1]
  .near_func.text  ro code  0x008f4f    0xa  gpio_interface.o [1]
  .near_func.text  ro code  0x008f59    0xa  gpio_interface.o [1]
  .near_func.text  ro code  0x008f63    0xa  main.o [1]
  .near_func.text  ro code  0x008f6d    0xa  stm8l15x_clk.o [1]
  .near_func.text  ro code  0x008f77    0xa  uart_interface.o [1]
  .near_func.text  ro code  0x008f81    0x9  stm8l15x_rtc.o [1]
  .near_func.text  ro code  0x008f8a    0x8  main.o [1]
  .near_func.text  ro code  0x008f92    0x7  stm8l15x_gpio.o [1]
  .near.rodata     const    0x008f99    0x5  stm8l15x_clk.o [1]
  .near_func.text  ro code  0x008f9e    0x5  stm8l15x_tim4.o [1]
  .near_func.text  ro code  0x008fa3    0x5  stm8l15x_tim4.o [1]
  .near_func.text  ro code  0x008fa8    0x5  stm8l15x_usart.o [1]
  .near_func.text  ro code  0x008fad    0x5  cexit.o [4]
  .near_func.text  ro code  0x008fb2    0x4  stm8l15x_clk.o [1]
  .near_func.text  ro code  0x008fb6    0x3  stm8l15x_usart.o [1]
  .near_func.text  ro code  0x008fb9    0x3  stm8l15x_usart.o [1]
  .near_func.text  ro code  0x008fbc    0x3  interrupt.o [4]
  .near_func.text  ro code  0x008fbf    0x3  low_level_init.o [4]
  .near_func.text  ro code  0x008fc2    0x3  exit.o [4]
  .near_func.text  ro code  0x008fc5    0x3  unhandled_exception.o [4]
  .near_func.text  ro code  0x008fc8    0x1  stm8l15x_it.o [1]
  .near_func.text  ro code  0x008fc9    0x1  stm8l15x_it.o [1]
  .near_func.text  ro code  0x008fca    0x1  stm8l15x_it.o [1]
  .near_func.text  ro code  0x008fcb    0x1  stm8l15x_it.o [1]
  .near_func.text  ro code  0x008fcc    0x1  stm8l15x_it.o [1]
  .near_func.text  ro code  0x008fcd    0x1  stm8l15x_it.o [1]
  .near_func.text  ro code  0x008fce    0x1  stm8l15x_it.o [1]
  .near_func.text  ro code  0x008fcf    0x1  stm8l15x_it.o [1]
  .near_func.text  ro code  0x008fd0    0x1  stm8l15x_it.o [1]
  .near_func.text  ro code  0x008fd1    0x1  stm8l15x_it.o [1]
  .near_func.text  ro code  0x008fd2    0x1  stm8l15x_it.o [1]
  .near_func.text  ro code  0x008fd3    0x1  stm8l15x_it.o [1]
  .near_func.text  ro code  0x008fd4    0x1  stm8l15x_it.o [1]
  .near_func.text  ro code  0x008fd5    0x1  stm8l15x_it.o [1]
  .near_func.text  ro code  0x008fd6    0x1  stm8l15x_it.o [1]
  .near_func.text  ro code  0x008fd7    0x1  stm8l15x_it.o [1]
  .near_func.text  ro code  0x008fd8    0x1  stm8l15x_it.o [1]
  .near_func.text  ro code  0x008fd9    0x1  stm8l15x_it.o [1]
  .near_func.text  ro code  0x008fda    0x1  stm8l15x_it.o [1]
  .near_func.text  ro code  0x008fdb    0x1  stm8l15x_it.o [1]
  .near_func.text  ro code  0x008fdc    0x1  stm8l15x_it.o [1]
  .near_func.text  ro code  0x008fdd    0x1  stm8l15x_it.o [1]
  .near_func.text  ro code  0x008fde    0x1  stm8l15x_it.o [1]
  .near_func.text  ro code  0x008fdf    0x1  stm8l15x_it.o [1]
  .near_func.text  ro code  0x008fe0    0x1  stm8l15x_it.o [1]
  .near_func.text  ro code  0x008fe1    0x1  stm8l15x_it.o [1]
  .near_func.text  ro code  0x008fe2    0x1  __dbg_break.o [3]
                          - 0x008fe3  0xf63


*******************************************************************************
*** INIT TABLE
***

          Address   Size
          -------   ----
Zero (__iar_zero_init2)
    1 destination range, total size 0x113:
          0x000010  0x113



*******************************************************************************
*** MODULE SUMMARY
***

    Module                 ro code  ro data  rw data
    ------                 -------  -------  -------
D:\Projects\Lab equipment\Current-generator\FW_STM8L_IAR\Debug\Obj: [1]
    gpio_interface.o           260
    main.o                     245                 3
    spi_interface.o             41
    stm8l15x_clk.o             343        5
    stm8l15x_exti.o            302
    stm8l15x_flash.o            36
    stm8l15x_gpio.o            167
    stm8l15x_it.o              258                 5
    stm8l15x_rtc.o             182
    stm8l15x_spi.o             104
    stm8l15x_syscfg.o           98
    stm8l15x_tim4.o             99
    stm8l15x_usart.o           473
    testmode.o                 480                 7
    uart_commands.o            149       28        1
    uart_interface.o           233               259
    ------------------------------------------------
    Total:                   3 470       33      275

command line: [2]
    ------------------------------------------------
    Total:

dbgstm8smd.a: [3]
    __dbg_break.o                1
    __dbg_xxexit.o              20
    ------------------------------------------------
    Total:                      21

dlstm8smn.a: [4]
    cexit.o                      5
    cstartup.o                  19
    exit.o                       3
    init.o                      20
    init_small.o                30
    interrupt.o                  3      128
    long.o                     109
    long_util.o                 28
    low_level_init.o             3
    short.o                     13
    unhandled_exception.o        3
    vreg_util.o                171
    vregs.o                                       16
    ------------------------------------------------
    Total:                     407      128       16

    Linker created                        8      256
----------------------------------------------------
    Grand Total:             3 898      169      547


*******************************************************************************
*** ENTRY LIST
***

Entry                    Address   Size  Type      Object
-----                    -------   ----  ----      ------
.iar.init_table$$Base   0x008d29          --   Gb  - Linker created -
.iar.init_table$$Limit  0x008d31          --   Gb  - Linker created -
?b0                     0x000000         Data  Gb  vregs.o [4]
?b1                     0x000001         Data  Gb  vregs.o [4]
?b10                    0x00000a         Data  Gb  vregs.o [4]
?b11                    0x00000b         Data  Gb  vregs.o [4]
?b12                    0x00000c         Data  Gb  vregs.o [4]
?b13                    0x00000d         Data  Gb  vregs.o [4]
?b14                    0x00000e         Data  Gb  vregs.o [4]
?b15                    0x00000f         Data  Gb  vregs.o [4]
?b2                     0x000002         Data  Gb  vregs.o [4]
?b3                     0x000003         Data  Gb  vregs.o [4]
?b4                     0x000004         Data  Gb  vregs.o [4]
?b5                     0x000005         Data  Gb  vregs.o [4]
?b6                     0x000006         Data  Gb  vregs.o [4]
?b7                     0x000007         Data  Gb  vregs.o [4]
?b8                     0x000008         Data  Gb  vregs.o [4]
?b9                     0x000009         Data  Gb  vregs.o [4]
?e0                     0x000001         Data  Gb  vregs.o [4]
?e1                     0x000005         Data  Gb  vregs.o [4]
?e2                     0x000009         Data  Gb  vregs.o [4]
?e3                     0x00000d         Data  Gb  vregs.o [4]
?epilogue_l2            0x00856f         Code  Gb  vreg_util.o [4]
?epilogue_l2_l3         0x00856c         Code  Gb  vreg_util.o [4]
?l0                     0x000000         Data  Gb  vregs.o [4]
?l1                     0x000004         Data  Gb  vregs.o [4]
?l2                     0x000008         Data  Gb  vregs.o [4]
?l3                     0x00000c         Data  Gb  vregs.o [4]
?load32_l1_0x           0x008dba         Code  Gb  long_util.o [4]
?load32_l1_asp          0x008daf         Code  Gb  long_util.o [4]
?load32_l1_dbsp         0x008daa         Code  Gb  long_util.o [4]
?load32_l1_xsp          0x008db1         Code  Gb  long_util.o [4]
?mov_e0_e2              0x008576         Code  Gb  vreg_util.o [4]
?mov_e2_e0              0x008583         Code  Gb  vreg_util.o [4]
?mov_e3_e0              0x008590         Code  Gb  vreg_util.o [4]
?mov_l0_l2              0x008573         Code  Gb  vreg_util.o [4]
?mov_l2_l0              0x008580         Code  Gb  vreg_util.o [4]
?mov_l3_l0              0x00858d         Code  Gb  vreg_util.o [4]
?mov_w1_w5              0x008579         Code  Gb  vreg_util.o [4]
?mov_w5_w1              0x008586         Code  Gb  vreg_util.o [4]
?mov_w7_w1              0x008593         Code  Gb  vreg_util.o [4]
?pop_l0                 0x008538         Code  Gb  vreg_util.o [4]
?pop_l1                 0x008543         Code  Gb  vreg_util.o [4]
?pop_l2                 0x00854e         Code  Gb  vreg_util.o [4]
?pop_l3                 0x008559         Code  Gb  vreg_util.o [4]
?push_l0                0x008507         Code  Gb  vreg_util.o [4]
?push_l1                0x00850c         Code  Gb  vreg_util.o [4]
?push_l2                0x008511         Code  Gb  vreg_util.o [4]
?push_l3                0x008516         Code  Gb  vreg_util.o [4]
?push_w4                0x0084ef         Code  Gb  vreg_util.o [4]
?sll16_x_x_a            0x008f13         Code  Gb  short.o [4]
?srl16_x_x_4            0x008f1b         Code  Gb  short.o [4]
?udiv32_l0_l0_l1        0x00895a         Code  Gb  long.o [4]
?umod32_l1_l0_l1        0x00895a         Code  Gb  long.o [4]
?w0                     0x000000         Data  Gb  vregs.o [4]
?w1                     0x000002         Data  Gb  vregs.o [4]
?w2                     0x000004         Data  Gb  vregs.o [4]
?w3                     0x000006         Data  Gb  vregs.o [4]
?w4                     0x000008         Data  Gb  vregs.o [4]
?w5                     0x00000a         Data  Gb  vregs.o [4]
?w6                     0x00000c         Data  Gb  vregs.o [4]
?w7                     0x00000e         Data  Gb  vregs.o [4]
ADC1_COMP_IRQHandler    0x008fd9    0x1  Code  Gb  stm8l15x_it.o [1]
CLK_DeInit              0x008a6b   0x41  Code  Gb  stm8l15x_clk.o [1]
CLK_GetClockFreq        0x0088e8   0x72  Code  Gb  stm8l15x_clk.o [1]
CLK_LSICmd              0x008edf    0xd  Code  Gb  stm8l15x_clk.o [1]
CLK_PeripheralClockConfig
                        0x0087e9   0x89  Code  Gb  stm8l15x_clk.o [1]
CLK_RTCClockConfig      0x008f6d    0xa  Code  Gb  stm8l15x_clk.o [1]
CLK_SYSCLKDivConfig     0x008fb2    0x4  Code  Gb  stm8l15x_clk.o [1]
COMMANDLIST             0x008d8e   0x1c  Data  Gb  uart_commands.o [1]
CRC                     0x00011e    0x1  Data  Gb  testmode.o [1]
CSTACK$$Base            0x000700          --   Gb  - Linker created -
CSTACK$$Limit           0x000800          --   Gb  - Linker created -
Command                 0x000119    0x1  Data  Gb  testmode.o [1]
CommandFlag             0x00011f    0x1  Data  Gb  uart_commands.o [1]
DE_Off                  0x008f77    0xa  Code  Gb  uart_interface.o [1]
DE_On                   0x008f38    0xc  Code  Gb  uart_interface.o [1]
DMA1_CHANNEL0_1_IRQHandler
                        0x008fca    0x1  Code  Gb  stm8l15x_it.o [1]
DMA1_CHANNEL2_3_IRQHandler
                        0x008fcb    0x1  Code  Gb  stm8l15x_it.o [1]
EXTI0_IRQHandler        0x008fcf    0x1  Code  Gb  stm8l15x_it.o [1]
EXTI1_IRQHandler        0x008fd0    0x1  Code  Gb  stm8l15x_it.o [1]
EXTI2_IRQHandler        0x008fd1    0x1  Code  Gb  stm8l15x_it.o [1]
EXTI3_IRQHandler        0x008fd2    0x1  Code  Gb  stm8l15x_it.o [1]
EXTI4_IRQHandler        0x008fd3    0x1  Code  Gb  stm8l15x_it.o [1]
EXTI5_IRQHandler        0x008fd4    0x1  Code  Gb  stm8l15x_it.o [1]
EXTI6_IRQHandler        0x008fd5    0x1  Code  Gb  stm8l15x_it.o [1]
EXTI7_IRQHandler        0x008fd6    0x1  Code  Gb  stm8l15x_it.o [1]
EXTIB_G_IRQHandler      0x008fcd    0x1  Code  Gb  stm8l15x_it.o [1]
EXTID_H_IRQHandler      0x008fce    0x1  Code  Gb  stm8l15x_it.o [1]
EXTIE_F_PVD_IRQHandler  0x008fcc    0x1  Code  Gb  stm8l15x_it.o [1]
EXTI_DeInit             0x008cc6   0x21  Code  Gb  stm8l15x_exti.o [1]
EXTI_SetPinSensitivity  0x008240  0x10d  Code  Gb  stm8l15x_exti.o [1]
FLASH_IRQHandler        0x008fc9    0x1  Code  Gb  stm8l15x_it.o [1]
FLASH_Lock              0x008f44    0xb  Code  Gb  stm8l15x_flash.o [1]
FLASH_Unlock            0x008dfa   0x19  Code  Gb  stm8l15x_flash.o [1]
GPIO_Init               0x00875b   0x8e  Code  Gb  stm8l15x_gpio.o [1]
GPIO_ReadInputDataBit   0x008f92    0x7  Code  Gb  stm8l15x_gpio.o [1]
GPIO_WriteBit           0x008ebc   0x12  Code  Gb  stm8l15x_gpio.o [1]
Green_Off               0x008f20    0xc  Code  Gb  gpio_interface.o [1]
Green_On                0x008f4f    0xa  Code  Gb  gpio_interface.o [1]
I2C1_SPI2_IRQHandler    0x008fe1    0x1  Code  Gb  stm8l15x_it.o [1]
INTVEC$$Base            0x008000          --   Gb  - Linker created -
INTVEC$$Limit           0x008080          --   Gb  - Linker created -
Key                     0x000112    0x1  Data  Gb  main.o [1]
LCD_AES_IRQHandler      0x008fd7    0x1  Code  Gb  stm8l15x_it.o [1]
RTC_CSSLSE_IRQHandler   0x008e13   0x19  Code  Gb  stm8l15x_it.o [1]
RTC_ClearITPendingBit   0x008f81    0x9  Code  Gb  stm8l15x_rtc.o [1]
RTC_ITConfig            0x008b68   0x38  Code  Gb  stm8l15x_rtc.o [1]
RTC_SetWakeUpCounter    0x008e59   0x15  Code  Gb  stm8l15x_rtc.o [1]
RTC_WakeUpClockConfig   0x008c81   0x23  Code  Gb  stm8l15x_rtc.o [1]
RTC_WakeUpCmd           0x008b2b   0x3d  Code  Gb  stm8l15x_rtc.o [1]
RXbuffer                0x000090   0x80  Data  Gb  uart_interface.o [1]
Red_Off                 0x008f2c    0xc  Code  Gb  gpio_interface.o [1]
Red_On                  0x008f59    0xa  Code  Gb  gpio_interface.o [1]
Region$$Table$$Base     0x008d29          --   Gb  - Linker created -
Region$$Table$$Limit    0x008d31          --   Gb  - Linker created -
RxPointer               0x000122    0x1  Data  Gb  uart_interface.o [1]
SPI1_IRQHandler         0x008fe0    0x1  Code  Gb  stm8l15x_it.o [1]
SPI_Cmd                 0x008eec    0xd  Code  Gb  stm8l15x_spi.o [1]
SPI_DeInit              0x008dc6   0x1a  Code  Gb  stm8l15x_spi.o [1]
SPI_Init                0x008aac   0x41  Code  Gb  stm8l15x_spi.o [1]
SWITCH_CSS_BREAK_DAC_IRQHandler
                        0x008fd8    0x1  Code  Gb  stm8l15x_it.o [1]
SYSCFG_REMAPDeInit      0x008ef9    0xd  Code  Gb  stm8l15x_syscfg.o [1]
SYSCFG_REMAPPinConfig   0x0089c7   0x55  Code  Gb  stm8l15x_syscfg.o [1]
SYSDivFactor            0x008f99    0x5  Data  Gb  stm8l15x_clk.o [1]
TIM1_CC_IRQHandler      0x008fdf    0x1  Code  Gb  stm8l15x_it.o [1]
TIM1_UPD_OVF_TRG_COM_IRQHandler
                        0x008fde    0x1  Code  Gb  stm8l15x_it.o [1]
TIM2_CC_USART2_RX_IRQHandler
                        0x008fdb    0x1  Code  Gb  stm8l15x_it.o [1]
TIM2_UPD_OVF_TRG_BRK_USART2_TX_IRQHandler
                        0x008fda    0x1  Code  Gb  stm8l15x_it.o [1]
TIM3_CC_USART3_RX_IRQHandler
                        0x008fdd    0x1  Code  Gb  stm8l15x_it.o [1]
TIM3_UPD_OVF_TRG_BRK_USART3_TX_IRQHandler
                        0x008fdc    0x1  Code  Gb  stm8l15x_it.o [1]
TIM4_ClearFlag          0x008f9e    0x5  Code  Gb  stm8l15x_tim4.o [1]
TIM4_ClearITPendingBit  0x008fa3    0x5  Code  Gb  stm8l15x_tim4.o [1]
TIM4_Cmd                0x008f06    0xd  Code  Gb  stm8l15x_tim4.o [1]
TIM4_DeInit             0x008d08   0x21  Code  Gb  stm8l15x_tim4.o [1]
TIM4_ITConfig           0x008de0   0x1a  Code  Gb  stm8l15x_tim4.o [1]
TIM4_TimeBaseInit       0x008ece   0x11  Code  Gb  stm8l15x_tim4.o [1]
TIM4_UPD_OVF_TRG_IRQHandler
                        0x00859a   0x98  Code  Gb  stm8l15x_it.o [1]
TIM4_UPD_OVF_TRG_IRQHandler::K0cnt
                        0x000113    0x1  Data  Lc  stm8l15x_it.o [1]
TIM4_UPD_OVF_TRG_IRQHandler::K1cnt
                        0x000114    0x1  Data  Lc  stm8l15x_it.o [1]
TIM4_UPD_OVF_TRG_IRQHandler::Tim4cnt
                        0x000115    0x1  Data  Lc  stm8l15x_it.o [1]
TIM4_UPD_OVF_TRG_IRQHandler::k0
                        0x000116    0x1  Data  Lc  stm8l15x_it.o [1]
TIM4_UPD_OVF_TRG_IRQHandler::k1
                        0x000117    0x1  Data  Lc  stm8l15x_it.o [1]
TRAP_IRQHandler         0x008fc8    0x1  Code  Gb  stm8l15x_it.o [1]
TXbuffer                0x000010   0x80  Data  Gb  uart_interface.o [1]
TestMode                0x000118    0x1  Data  Gb  testmode.o [1]
TimingDelay             0x000110    0x2  Data  Gb  main.o [1]
TimingDelay_Decrement   0x008f8a    0x8  Code  Gb  main.o [1]
TxCount                 0x000120    0x1  Data  Gb  uart_interface.o [1]
TxPointer               0x000121    0x1  Data  Gb  uart_interface.o [1]
USART1_RX_TIM5_CC_IRQHandler
                        0x008ce7   0x21  Code  Gb  stm8l15x_it.o [1]
USART1_TX_TIM5_UPD_OVF_TRG_BRK_IRQHandler
                        0x008e43   0x16  Code  Gb  stm8l15x_it.o [1]
USART_ClearITPendingBit
                        0x008fa8    0x5  Code  Gb  stm8l15x_usart.o [1]
USART_Cmd               0x008c5a   0x27  Code  Gb  stm8l15x_usart.o [1]
USART_DeInit            0x008c33   0x27  Code  Gb  stm8l15x_usart.o [1]
USART_GetFlagStatus     0x008ca4   0x22  Code  Gb  stm8l15x_usart.o [1]
USART_ITConfig          0x0086c7   0x94  Code  Gb  stm8l15x_usart.o [1]
USART_Init              0x008425   0xca  Code  Gb  stm8l15x_usart.o [1]
USART_ReceiveData8      0x008fb6    0x3  Code  Gb  stm8l15x_usart.o [1]
USART_SendBlock         0x008e96   0x13  Code  Gb  uart_interface.o [1]
USART_SendData8         0x008fb9    0x3  Code  Gb  stm8l15x_usart.o [1]
__DebugBreak            0x008fe2    0x1  Code  Gb  __dbg_break.o [3]
__exit                  0x008e82   0x14  Code  Gb  __dbg_xxexit.o [3]
__iar_data_init2        0x008e6e   0x14  Code  Gb  init.o [4]
__iar_program_start     0x008ea9         Code  Gb  cstartup.o [4]
__iar_unhandled_exception
                        0x008fc5         Code  Gb  unhandled_exception.o [4]
__iar_zero_init2        0x008d70         Code  Gb  init_small.o [4]
__intvec                0x008000         Data  Gb  interrupt.o [4]
__low_level_init        0x008fbf    0x3  Code  Gb  low_level_init.o [4]
_exit                   0x008fad         Code  Gb  cexit.o [4]
_interrupt_1            0x008fc8         Code  Gb  stm8l15x_it.o [1]
_interrupt_10           0x008fcf         Code  Gb  stm8l15x_it.o [1]
_interrupt_11           0x008fd0         Code  Gb  stm8l15x_it.o [1]
_interrupt_12           0x008fd1         Code  Gb  stm8l15x_it.o [1]
_interrupt_13           0x008fd2         Code  Gb  stm8l15x_it.o [1]
_interrupt_14           0x008fd3         Code  Gb  stm8l15x_it.o [1]
_interrupt_15           0x008fd4         Code  Gb  stm8l15x_it.o [1]
_interrupt_16           0x008fd5         Code  Gb  stm8l15x_it.o [1]
_interrupt_17           0x008fd6         Code  Gb  stm8l15x_it.o [1]
_interrupt_18           0x008fd7         Code  Gb  stm8l15x_it.o [1]
_interrupt_19           0x008fd8         Code  Gb  stm8l15x_it.o [1]
_interrupt_20           0x008fd9         Code  Gb  stm8l15x_it.o [1]
_interrupt_21           0x008fda         Code  Gb  stm8l15x_it.o [1]
_interrupt_22           0x008fdb         Code  Gb  stm8l15x_it.o [1]
_interrupt_23           0x008fdc         Code  Gb  stm8l15x_it.o [1]
_interrupt_24           0x008fdd         Code  Gb  stm8l15x_it.o [1]
_interrupt_25           0x008fde         Code  Gb  stm8l15x_it.o [1]
_interrupt_26           0x008fdf         Code  Gb  stm8l15x_it.o [1]
_interrupt_27           0x00859a         Code  Gb  stm8l15x_it.o [1]
_interrupt_28           0x008fe0         Code  Gb  stm8l15x_it.o [1]
_interrupt_29           0x008e43         Code  Gb  stm8l15x_it.o [1]
_interrupt_3            0x008fc9         Code  Gb  stm8l15x_it.o [1]
_interrupt_30           0x008ce7         Code  Gb  stm8l15x_it.o [1]
_interrupt_31           0x008fe1         Code  Gb  stm8l15x_it.o [1]
_interrupt_4            0x008fca         Code  Gb  stm8l15x_it.o [1]
_interrupt_5            0x008fcb         Code  Gb  stm8l15x_it.o [1]
_interrupt_6            0x008e13         Code  Gb  stm8l15x_it.o [1]
_interrupt_7            0x008fcc         Code  Gb  stm8l15x_it.o [1]
_interrupt_8            0x008fcd         Code  Gb  stm8l15x_it.o [1]
_interrupt_9            0x008fce         Code  Gb  stm8l15x_it.o [1]
cbUSART1_RXirq          0x008bd7   0x33  Code  Gb  uart_interface.o [1]
cbUSART1_RXtestirq      0x008205   0x3b  Code  Gb  testmode.o [1]
cbUSART1_TXirq          0x008aed   0x3e  Code  Gb  uart_interface.o [1]
checkpacket             0x0080c4   0x35  Code  Gb  testmode.o [1]
clearRxBuff             0x008080   0x11  Code  Gb  testmode.o [1]
compTxCRC               0x008d31   0x20  Code  Gb  testmode.o [1]
comp_crc                0x008091   0x33  Code  Gb  testmode.o [1]
delay_ms                0x008f63    0xa  Code  Gb  main.o [1]
exit                    0x008fc2    0x3  Code  Gb  exit.o [4]
handlecommand           0x008666   0x61  Code  Gb  uart_commands.o [1]
initCLK                 0x008ba0   0x37  Code  Gb  main.o [1]
initIO                  0x00834d   0xd8  Code  Gb  gpio_interface.o [1]
initRTC                 0x008e2c   0x17  Code  Gb  main.o [1]
initSPI                 0x008c0a   0x29  Code  Gb  spi_interface.o [1]
initTIM4                0x008d51   0x1f  Code  Gb  main.o [1]
initUART                0x008a1c   0x4f  Code  Gb  uart_interface.o [1]
main                    0x00889c   0x4c  Code  Gb  main.o [1]
nocommand               0x00811f    0xb  Code  Gb  testmode.o [1]
plen                    0x00011b    0x1  Data  Lc  testmode.o [1]
rec_command             0x00814b   0x56  Code  Gb  testmode.o [1]
rec_headH               0x0081e4   0x21  Code  Gb  testmode.o [1]
rec_headL               0x0081a1   0x43  Code  Gb  testmode.o [1]
rec_param               0x00812a   0x21  Code  Gb  testmode.o [1]
rxcount                 0x00011d    0x1  Data  Lc  testmode.o [1]
rxstatus                0x00011c    0x1  Data  Lc  testmode.o [1]
sendOK                  0x00865d    0x9  Code  Gb  uart_commands.o [1]
sendtuningresponse      0x008632   0x2b  Code  Gb  uart_commands.o [1]
temp                    0x00011a    0x1  Data  Lc  testmode.o [1]
test_loop               0x0080f9   0x26  Code  Gb  testmode.o [1]
user_loop               0x008872   0x2a  Code  Gb  main.o [1]


[1] = D:\Projects\Lab equipment\Current-generator\FW_STM8L_IAR\Debug\Obj
[2] = command line
[3] = dbgstm8smd.a
[4] = dlstm8smn.a

  3 898 bytes of readonly  code memory
    169 bytes of readonly  data memory
    547 bytes of readwrite data memory

Errors: none
Warnings: none
